      Step     Time          Energy          fmax
BFGS:    0 03:42:13     -426.659332        3.722656
BFGS:    1 03:42:14     -427.133179        3.143443
BFGS:    2 03:42:14     -427.570251        2.674602
BFGS:    3 03:42:15     -427.819855        1.724768
BFGS:    4 03:42:15     -428.113953        1.359073
BFGS:    5 03:42:16     -428.241180        1.097149
BFGS:    6 03:42:16     -428.397217        1.851544
BFGS:    7 03:42:17     -428.543152        2.349357
BFGS:    8 03:42:17     -428.694550        2.319176
BFGS:    9 03:42:18     -428.786316        1.266147
BFGS:   10 03:42:18     -428.841187        0.938206
BFGS:   11 03:42:19     -428.864105        0.881834
BFGS:   12 03:42:19     -428.870209        0.995957
BFGS:   13 03:42:20     -428.852783        1.020879
BFGS:   14 03:42:21     -428.827087        1.000707
BFGS:   15 03:42:22     -428.800262        0.881810
BFGS:   16 03:42:23     -428.763672        0.764359
BFGS:   17 03:42:23     -428.668884        0.993415
BFGS:   18 03:42:24     -428.503967        1.049404
BFGS:   19 03:42:24     -428.343475        1.114029
BFGS:   20 03:42:25     -428.233368        0.743539
BFGS:   21 03:42:25     -428.153931        0.516906
BFGS:   22 03:42:26     -428.101044        0.593207
BFGS:   23 03:42:26     -428.051636        0.527410
BFGS:   24 03:42:27     -428.036285        0.333738
BFGS:   25 03:42:27     -428.017181        0.393200
BFGS:   26 03:42:27     -428.027863        0.421249
BFGS:   27 03:42:28     -428.030396        0.370102
BFGS:   28 03:42:28     -428.051636        0.282144
BFGS:   29 03:42:29     -428.072449        0.316030
BFGS:   30 03:42:29     -428.089203        0.321900
BFGS:   31 03:42:30     -428.090759        0.227309
BFGS:   32 03:42:30     -428.097168        0.271970
BFGS:   33 03:42:30     -428.095337        0.249871
BFGS:   34 03:42:31     -428.089508        0.243023
BFGS:   35 03:42:31     -428.077148        0.267199
BFGS:   36 03:42:32     -428.065826        0.256492
BFGS:   37 03:42:32     -428.059235        0.296995
BFGS:   38 03:42:33     -428.058319        0.274919
BFGS:   39 03:42:33     -428.060333        0.329812
BFGS:   40 03:42:33     -428.029938        0.659967
BFGS:   41 03:42:34     -427.895111        1.688210
BFGS:   42 03:42:34     -427.968964        0.754918
BFGS:   43 03:42:35     -428.070770        0.453173
BFGS:   44 03:42:35     -428.088287        0.447024
BFGS:   45 03:42:35     -428.098297        0.527032
BFGS:   46 03:42:36     -428.081451        1.399288
BFGS:   47 03:42:36     -428.126953        0.481158
BFGS:   48 03:42:37     -428.142914        0.241771
BFGS:   49 03:42:37     -428.148560        0.314279
BFGS:   50 03:42:38     -428.153473        0.250085
BFGS:   51 03:42:38     -428.156525        0.216644
BFGS:   52 03:42:38     -428.160645        0.231885
BFGS:   53 03:42:39     -428.165527        0.247196
BFGS:   54 03:42:39     -428.169464        0.137177
      Step     Time          Energy          fmax
BFGS:    0 11:50:01     -452.950867        0.042285
      Step     Time          Energy          fmax
BFGS:    0 18:17:16     -453.593933        0.039699
      Step     Time          Energy          fmax
BFGS:    0 23:42:25     -453.570312        0.036291
      Step     Time          Energy          fmax
BFGS:    0 18:58:50     -453.476593        3.172993
BFGS:    1 18:58:51     -453.512756        0.894918
BFGS:    2 18:58:52     -453.522034        0.880870
BFGS:    3 18:58:53     -453.530792        0.933788
BFGS:    4 18:58:53     -453.539917        0.758328
BFGS:    5 18:58:54     -453.548065        0.408691
BFGS:    6 18:58:55     -453.550140        0.331965
BFGS:    7 18:58:56     -453.547394        0.338639
BFGS:    8 18:58:56     -453.542480        0.272014
BFGS:    9 18:58:57     -453.535736        0.217755
BFGS:   10 18:58:58     -453.528229        0.221679
BFGS:   11 18:59:00     -453.520142        0.222616
BFGS:   12 18:59:00     -453.511749        0.186679
BFGS:   13 18:59:01     -453.504211        0.153378
BFGS:   14 18:59:02     -453.499969        0.124502
BFGS:   15 18:59:03     -453.498169        0.117538
BFGS:   16 18:59:03     -453.497437        0.087880
BFGS:   17 18:59:04     -453.497040        0.086228
BFGS:   18 18:59:05     -453.496857        0.075672
BFGS:   19 18:59:06     -453.497711        0.135032
BFGS:   20 18:59:06     -453.498993        0.097066
BFGS:   21 18:59:07     -453.498810        0.088917
BFGS:   22 18:59:08     -453.498627        0.083630
BFGS:   23 18:59:09     -453.497894        0.048353
      Step     Time          Energy          fmax
BFGS:    0 08:22:22     -453.246735        3.149171
BFGS:    1 08:22:23     -453.281372        0.901068
BFGS:    2 08:22:24     -453.290588        0.881625
BFGS:    3 08:22:25     -453.299194        0.933966
BFGS:    4 08:22:26     -453.308380        0.757562
BFGS:    5 08:22:26     -453.316406        0.412887
BFGS:    6 08:22:27     -453.318573        0.336508
BFGS:    7 08:22:28     -453.316040        0.347768
BFGS:    8 08:22:28     -453.311401        0.281820
BFGS:    9 08:22:29     -453.305023        0.214736
BFGS:   10 08:22:30     -453.297882        0.218864
BFGS:   11 08:22:31     -453.290039        0.223657
BFGS:   12 08:22:31     -453.281586        0.192097
BFGS:   13 08:22:32     -453.273926        0.157769
BFGS:   14 08:22:33     -453.269775        0.129601
BFGS:   15 08:22:33     -453.268127        0.118755
BFGS:   16 08:22:34     -453.267517        0.092070
BFGS:   17 08:22:35     -453.267303        0.092664
BFGS:   18 08:22:35     -453.267517        0.082530
BFGS:   19 08:22:36     -453.268616        0.091900
BFGS:   20 08:22:37     -453.269196        0.073109
BFGS:   21 08:22:37     -453.268921        0.066417
BFGS:   22 08:22:38     -453.268921        0.069125
BFGS:   23 08:22:39     -453.268524        0.058149
BFGS:   24 08:22:40     -453.268433        0.046617
      Step     Time          Energy          fmax
BFGS:    0 09:37:47     -453.246735        3.149171
BFGS:    1 09:37:48     -453.281372        0.901068
BFGS:    2 09:37:49     -453.290588        0.881625
BFGS:    3 09:37:49     -453.299194        0.933966
BFGS:    4 09:37:50     -453.308380        0.757562
BFGS:    5 09:37:51     -453.316406        0.412887
BFGS:    6 09:37:52     -453.318573        0.336508
BFGS:    7 09:37:53     -453.316040        0.347768
BFGS:    8 09:37:53     -453.311401        0.281820
BFGS:    9 09:37:55     -453.305023        0.214736
BFGS:   10 09:37:55     -453.297882        0.218864
BFGS:   11 09:37:56     -453.290039        0.223657
BFGS:   12 09:37:57     -453.281586        0.192097
BFGS:   13 09:37:57     -453.273926        0.157769
BFGS:   14 09:37:58     -453.269775        0.129601
BFGS:   15 09:37:59     -453.268127        0.118755
BFGS:   16 09:37:59     -453.267517        0.092070
BFGS:   17 09:38:00     -453.267303        0.092664
BFGS:   18 09:38:01     -453.267517        0.082530
BFGS:   19 09:38:01     -453.268616        0.091900
BFGS:   20 09:38:02     -453.269196        0.073109
BFGS:   21 09:38:03     -453.268921        0.066417
BFGS:   22 09:38:03     -453.268921        0.069125
BFGS:   23 09:38:04     -453.268524        0.058149
BFGS:   24 09:38:05     -453.268433        0.046617
      Step     Time          Energy          fmax
BFGS:    0 10:53:26     -453.246735        3.149171
BFGS:    1 10:53:27     -453.281372        0.901068
BFGS:    2 10:53:28     -453.290588        0.881625
BFGS:    3 10:53:29     -453.299194        0.933966
BFGS:    4 10:53:30     -453.308380        0.757562
BFGS:    5 10:53:31     -453.316406        0.412887
BFGS:    6 10:53:32     -453.318573        0.336508
BFGS:    7 10:53:32     -453.316040        0.347768
BFGS:    8 10:53:33     -453.311401        0.281820
BFGS:    9 10:53:34     -453.305023        0.214736
BFGS:   10 10:53:34     -453.297882        0.218864
BFGS:   11 10:53:35     -453.290039        0.223657
BFGS:   12 10:53:36     -453.281586        0.192097
BFGS:   13 10:53:37     -453.273926        0.157769
BFGS:   14 10:53:37     -453.269775        0.129601
BFGS:   15 10:53:38     -453.268127        0.118755
BFGS:   16 10:53:38     -453.267517        0.092070
BFGS:   17 10:53:39     -453.267303        0.092664
BFGS:   18 10:53:40     -453.267517        0.082530
BFGS:   19 10:53:41     -453.268616        0.091900
BFGS:   20 10:53:42     -453.269196        0.073109
BFGS:   21 10:53:42     -453.268921        0.066417
BFGS:   22 10:53:43     -453.268921        0.069125
BFGS:   23 10:53:44     -453.268524        0.058149
BFGS:   24 10:53:44     -453.268433        0.046617
      Step     Time          Energy          fmax
BFGS:    0 12:08:42     -453.246735        3.149171
BFGS:    1 12:08:43     -453.281372        0.901068
BFGS:    2 12:08:44     -453.290588        0.881625
BFGS:    3 12:08:44     -453.299194        0.933966
BFGS:    4 12:08:45     -453.308380        0.757562
BFGS:    5 12:08:46     -453.316406        0.412887
BFGS:    6 12:08:46     -453.318573        0.336508
BFGS:    7 12:08:47     -453.316040        0.347768
BFGS:    8 12:08:48     -453.311401        0.281820
BFGS:    9 12:08:48     -453.305023        0.214736
BFGS:   10 12:08:49     -453.297882        0.218864
BFGS:   11 12:08:50     -453.290039        0.223657
BFGS:   12 12:08:50     -453.281586        0.192097
BFGS:   13 12:08:51     -453.273926        0.157769
BFGS:   14 12:08:52     -453.269775        0.129601
BFGS:   15 12:08:52     -453.268127        0.118755
BFGS:   16 12:08:53     -453.267517        0.092070
BFGS:   17 12:08:54     -453.267303        0.092664
BFGS:   18 12:08:55     -453.267517        0.082530
BFGS:   19 12:08:56     -453.268616        0.091900
BFGS:   20 12:08:57     -453.269196        0.073109
BFGS:   21 12:08:57     -453.268921        0.066417
BFGS:   22 12:08:58     -453.268921        0.069125
BFGS:   23 12:09:00     -453.268524        0.058149
BFGS:   24 12:09:00     -453.268433        0.046617
      Step     Time          Energy          fmax
BFGS:    0 13:24:33     -453.246735        3.149171
BFGS:    1 13:24:34     -453.281372        0.901068
BFGS:    2 13:24:35     -453.290588        0.881625
BFGS:    3 13:24:36     -453.299194        0.933966
BFGS:    4 13:24:36     -453.308380        0.757562
BFGS:    5 13:24:37     -453.316406        0.412887
BFGS:    6 13:24:38     -453.318573        0.336508
BFGS:    7 13:24:39     -453.316040        0.347768
BFGS:    8 13:24:40     -453.311401        0.281820
BFGS:    9 13:24:40     -453.305023        0.214736
BFGS:   10 13:24:41     -453.297882        0.218864
BFGS:   11 13:24:42     -453.290039        0.223657
BFGS:   12 13:24:42     -453.281586        0.192097
BFGS:   13 13:24:43     -453.273926        0.157769
BFGS:   14 13:24:44     -453.269775        0.129601
BFGS:   15 13:24:45     -453.268127        0.118755
BFGS:   16 13:24:45     -453.267517        0.092070
BFGS:   17 13:24:46     -453.267303        0.092664
BFGS:   18 13:24:47     -453.267517        0.082530
BFGS:   19 13:24:48     -453.268616        0.091900
BFGS:   20 13:24:48     -453.269196        0.073109
BFGS:   21 13:24:49     -453.268921        0.066417
BFGS:   22 13:24:50     -453.268921        0.069125
BFGS:   23 13:24:51     -453.268524        0.058149
BFGS:   24 13:24:51     -453.268433        0.046617
      Step     Time          Energy          fmax
BFGS:    0 16:12:38     -453.246735        3.149171
BFGS:    1 16:12:39     -453.281372        0.901068
BFGS:    2 16:12:40     -453.290588        0.881625
BFGS:    3 16:12:41     -453.299194        0.933966
BFGS:    4 16:12:42     -453.308380        0.757562
BFGS:    5 16:12:43     -453.316406        0.412887
BFGS:    6 16:12:43     -453.318573        0.336508
BFGS:    7 16:12:44     -453.316040        0.347768
BFGS:    8 16:12:45     -453.311401        0.281820
BFGS:    9 16:12:45     -453.305023        0.214736
BFGS:   10 16:12:46     -453.297882        0.218864
BFGS:   11 16:12:46     -453.290039        0.223657
BFGS:   12 16:12:47     -453.281586        0.192097
BFGS:   13 16:12:48     -453.273926        0.157769
BFGS:   14 16:12:49     -453.269775        0.129601
BFGS:   15 16:12:49     -453.268127        0.118755
BFGS:   16 16:12:50     -453.267517        0.092070
BFGS:   17 16:12:50     -453.267303        0.092664
BFGS:   18 16:12:52     -453.267517        0.082530
BFGS:   19 16:12:53     -453.268616        0.091900
BFGS:   20 16:12:53     -453.269196        0.073109
BFGS:   21 16:12:54     -453.268921        0.066417
BFGS:   22 16:12:55     -453.268921        0.069125
BFGS:   23 16:12:55     -453.268524        0.058149
BFGS:   24 16:12:56     -453.268433        0.046617
      Step     Time          Energy          fmax
BFGS:    0 17:27:06     -453.246735        3.149171
BFGS:    1 17:27:07     -453.281372        0.901068
BFGS:    2 17:27:08     -453.290588        0.881625
BFGS:    3 17:27:09     -453.299194        0.933966
BFGS:    4 17:27:10     -453.308380        0.757562
BFGS:    5 17:27:10     -453.316406        0.412887
BFGS:    6 17:27:11     -453.318573        0.336508
BFGS:    7 17:27:12     -453.316040        0.347768
BFGS:    8 17:27:12     -453.311401        0.281820
BFGS:    9 17:27:13     -453.305023        0.214736
BFGS:   10 17:27:14     -453.297882        0.218864
BFGS:   11 17:27:15     -453.290039        0.223657
BFGS:   12 17:27:15     -453.281586        0.192097
BFGS:   13 17:27:16     -453.273926        0.157769
BFGS:   14 17:27:17     -453.269775        0.129601
BFGS:   15 17:27:17     -453.268127        0.118755
BFGS:   16 17:27:18     -453.267517        0.092070
BFGS:   17 17:27:19     -453.267303        0.092664
BFGS:   18 17:27:20     -453.267517        0.082530
BFGS:   19 17:27:21     -453.268616        0.091900
BFGS:   20 17:27:22     -453.269196        0.073109
BFGS:   21 17:27:23     -453.268921        0.066417
BFGS:   22 17:27:24     -453.268921        0.069125
BFGS:   23 17:27:25     -453.268524        0.058149
BFGS:   24 17:27:26     -453.268433        0.046617
      Step     Time          Energy          fmax
BFGS:    0 19:05:23     -453.246735        3.149171
BFGS:    1 19:05:24     -453.281372        0.901068
BFGS:    2 19:05:25     -453.290588        0.881625
BFGS:    3 19:05:26     -453.299194        0.933966
BFGS:    4 19:05:26     -453.308380        0.757562
BFGS:    5 19:05:27     -453.316406        0.412887
BFGS:    6 19:05:27     -453.318573        0.336508
BFGS:    7 19:05:28     -453.316040        0.347768
BFGS:    8 19:05:29     -453.311401        0.281820
BFGS:    9 19:05:30     -453.305023        0.214736
BFGS:   10 19:05:30     -453.297882        0.218864
BFGS:   11 19:05:31     -453.290039        0.223657
BFGS:   12 19:05:32     -453.281586        0.192097
BFGS:   13 19:05:32     -453.273926        0.157769
BFGS:   14 19:05:33     -453.269775        0.129601
BFGS:   15 19:05:33     -453.268127        0.118755
BFGS:   16 19:05:34     -453.267517        0.092070
BFGS:   17 19:05:35     -453.267303        0.092664
BFGS:   18 19:05:36     -453.267517        0.082530
BFGS:   19 19:05:36     -453.268616        0.091900
BFGS:   20 19:05:37     -453.269196        0.073109
BFGS:   21 19:05:37     -453.268921        0.066417
BFGS:   22 19:05:38     -453.268921        0.069125
BFGS:   23 19:05:39     -453.268524        0.058149
BFGS:   24 19:05:39     -453.268433        0.046617
      Step     Time          Energy          fmax
BFGS:    0 00:02:12     -452.587280        2.396869
BFGS:    1 00:02:21     -452.657654        1.854397
BFGS:    2 00:02:31     -452.712280        1.397959
BFGS:    3 00:02:39     -452.726074        1.045216
BFGS:    4 00:02:48     -452.744110        0.726063
BFGS:    5 00:02:51     -452.763031        0.644318
BFGS:    6 00:02:54     -452.774963        0.496931
BFGS:    7 00:02:58     -452.781281        0.469374
BFGS:    8 00:03:05     -452.785889        0.416223
BFGS:    9 00:03:08     -452.789215        0.369840
BFGS:   10 00:03:14     -452.793091        0.292121
BFGS:   11 00:03:17     -452.796600        0.199282
BFGS:   12 00:03:20     -452.798828        0.148325
BFGS:   13 00:03:25     -452.800446        0.158266
BFGS:   14 00:03:30     -452.802490        0.173772
BFGS:   15 00:03:31     -452.804504        0.153707
BFGS:   16 00:03:34     -452.806366        0.124709
BFGS:   17 00:03:36     -452.808136        0.130635
BFGS:   18 00:03:37     -452.810028        0.157024
BFGS:   19 00:03:38     -452.811646        0.175104
BFGS:   20 00:03:40     -452.813019        0.131997
BFGS:   21 00:03:42     -452.814423        0.110923
BFGS:   22 00:03:43     -452.816010        0.125822
BFGS:   23 00:03:48     -452.817596        0.113555
BFGS:   24 00:03:55     -452.818787        0.086704
BFGS:   25 00:04:00     -452.819397        0.093925
BFGS:   26 00:04:05     -452.819702        0.094867
BFGS:   27 00:04:08     -452.819824        0.111659
BFGS:   28 00:04:10     -452.819824        0.101243
BFGS:   29 00:04:11     -452.819977        0.058443
BFGS:   30 00:04:14     -452.820343        0.049990
      Step     Time          Energy          fmax
BFGS:    0 13:23:09     -452.587158        2.396488
BFGS:    1 13:23:10     -452.657501        1.855930
BFGS:    2 13:23:12     -452.712219        1.398470
BFGS:    3 13:23:16     -452.726013        1.045213
BFGS:    4 13:23:19     -452.744080        0.727388
BFGS:    5 13:23:21     -452.762970        0.643374
BFGS:    6 13:23:24     -452.774902        0.497464
BFGS:    7 13:23:25     -452.781219        0.469869
BFGS:    8 13:23:26     -452.785797        0.417379
BFGS:    9 13:23:28     -452.789154        0.371025
BFGS:   10 13:23:30     -452.793060        0.291938
BFGS:   11 13:23:31     -452.796600        0.198669
BFGS:   12 13:23:33     -452.798828        0.148376
BFGS:   13 13:23:35     -452.800446        0.158338
BFGS:   14 13:23:36     -452.802490        0.174302
BFGS:   15 13:23:37     -452.804504        0.153852
BFGS:   16 13:23:39     -452.806366        0.124860
BFGS:   17 13:23:43     -452.808167        0.130815
BFGS:   18 13:23:44     -452.810028        0.157318
BFGS:   19 13:23:45     -452.811676        0.175294
BFGS:   20 13:23:46     -452.813049        0.132030
BFGS:   21 13:23:48     -452.814423        0.111079
BFGS:   22 13:23:50     -452.816010        0.125848
BFGS:   23 13:23:52     -452.817627        0.113667
BFGS:   24 13:23:54     -452.818787        0.086849
BFGS:   25 13:23:57     -452.819397        0.094033
BFGS:   26 13:23:59     -452.819702        0.094647
BFGS:   27 13:24:06     -452.819824        0.111664
BFGS:   28 13:24:07     -452.819855        0.101094
BFGS:   29 13:24:08     -452.820007        0.058153
BFGS:   30 13:24:10     -452.820343        0.050058
BFGS:   31 13:24:15     -452.820587        0.051364
BFGS:   32 13:24:16     -452.820709        0.053225
BFGS:   33 13:24:17     -452.820801        0.044204
      Step     Time          Energy          fmax
BFGS:    0 19:08:59     -452.570496        2.414180
BFGS:    1 19:09:01     -452.642487        1.853705
BFGS:    2 19:09:02     -452.698273        1.392827
BFGS:    3 19:09:09     -452.711945        1.037869
BFGS:    4 19:09:10     -452.729950        0.717131
BFGS:    5 19:09:12     -452.748871        0.643982
BFGS:    6 19:09:14     -452.760956        0.495381
BFGS:    7 19:09:18     -452.767242        0.467065
BFGS:    8 19:09:21     -452.771790        0.410627
BFGS:    9 19:09:26     -452.775085        0.365020
BFGS:   10 19:09:28     -452.778931        0.289696
BFGS:   11 19:09:29     -452.782318        0.198680
BFGS:   12 19:09:37     -452.784515        0.148316
BFGS:   13 19:09:39     -452.786133        0.156479
BFGS:   14 19:09:40     -452.788177        0.171219
BFGS:   15 19:09:41     -452.790131        0.151618
BFGS:   16 19:09:44     -452.791962        0.124043
BFGS:   17 19:09:46     -452.793732        0.130548
BFGS:   18 19:09:51     -452.795593        0.155106
BFGS:   19 19:09:53     -452.797211        0.173341
BFGS:   20 19:09:54     -452.798584        0.130762
BFGS:   21 19:09:58     -452.799957        0.110479
BFGS:   22 19:10:03     -452.801514        0.125904
BFGS:   23 19:10:09     -452.803131        0.111877
BFGS:   24 19:10:11     -452.804291        0.085655
BFGS:   25 19:10:12     -452.804932        0.093114
BFGS:   26 19:10:14     -452.805267        0.095697
BFGS:   27 19:10:17     -452.805389        0.111674
BFGS:   28 19:10:19     -452.805420        0.102179
BFGS:   29 19:10:22     -452.805603        0.059288
BFGS:   30 19:10:26     -452.805939        0.049417
