      Step     Time          Energy          fmax
BFGS:    0 03:09:24     -441.479553        1.301521
BFGS:    1 03:09:25     -441.580414        0.880978
BFGS:    2 03:09:25     -441.703949        0.585112
BFGS:    3 03:09:26     -441.732727        0.530409
BFGS:    4 03:09:26     -441.737671        0.422120
BFGS:    5 03:09:26     -441.737854        0.382491
BFGS:    6 03:09:27     -441.740204        0.466406
BFGS:    7 03:09:27     -441.742767        0.454342
BFGS:    8 03:09:28     -441.744720        0.251657
BFGS:    9 03:09:28     -441.745850        0.230979
BFGS:   10 03:09:28     -441.747620        0.208658
BFGS:   11 03:09:29     -441.749939        0.211973
BFGS:   12 03:09:29     -441.752777        0.178092
      Step     Time          Energy          fmax
BFGS:    0 10:50:27     -459.659546        5.548806
BFGS:    1 10:50:28     -459.947662        2.787986
BFGS:    2 10:50:29     -460.057800        1.121074
BFGS:    3 10:50:30     -460.078796        1.033819
BFGS:    4 10:50:31     -460.072266        1.279174
BFGS:    5 10:50:32     -460.044617        1.292508
BFGS:    6 10:50:33     -460.008423        0.912622
BFGS:    7 10:50:33     -459.990112        0.682246
BFGS:    8 10:50:34     -460.006592        0.760846
BFGS:    9 10:50:35     -460.037048        0.780171
BFGS:   10 10:50:35     -460.066376        0.776315
BFGS:   11 10:50:36     -460.069916        0.947970
BFGS:   12 10:50:37     -460.023865        0.983112
BFGS:   13 10:50:38     -459.962616        0.978262
BFGS:   14 10:50:38     -459.997620        1.157690
BFGS:   15 10:50:39     -460.077759        0.829922
BFGS:   16 10:50:40     -460.075470        0.450701
BFGS:   17 10:50:40     -460.067993        0.346775
BFGS:   18 10:50:41     -460.075928        0.325822
BFGS:   19 10:50:42     -460.073669        0.326345
BFGS:   20 10:50:42     -460.079865        0.314227
BFGS:   21 10:50:43     -460.084015        0.522935
BFGS:   22 10:50:44     -460.084381        0.468851
BFGS:   23 10:50:44     -460.090363        0.282786
BFGS:   24 10:50:45     -460.092041        0.255728
BFGS:   25 10:50:46     -460.092651        0.301437
BFGS:   26 10:50:47     -460.097809        0.307837
BFGS:   27 10:50:47     -460.106506        0.273925
BFGS:   28 10:50:48     -460.082855        0.735642
BFGS:   29 10:50:49     -460.031189        0.807024
BFGS:   30 10:50:49     -459.811554        1.770756
BFGS:   31 10:50:50     -460.031616        1.167400
BFGS:   32 10:50:51     -460.063324        1.036862
BFGS:   33 10:50:51     -459.948730        1.021898
BFGS:   34 10:50:52     -459.958038        0.992881
BFGS:   35 10:50:53     -460.078003        1.148205
BFGS:   36 10:50:53     -459.863892        1.974914
BFGS:   37 10:50:54     -459.989105        1.671612
BFGS:   38 10:50:55     -459.958282        1.158617
BFGS:   39 10:50:55     -460.142761        2.168523
BFGS:   40 10:50:56     -460.146973        1.397467
BFGS:   41 10:50:57     -460.043091        0.610180
BFGS:   42 10:50:57     -460.084900        1.633662
BFGS:   43 10:50:58     -460.096222        1.483128
BFGS:   44 10:50:59     -460.065582        0.817568
BFGS:   45 10:50:59     -460.137970        1.289290
BFGS:   46 10:51:00     -459.873627        1.850678
BFGS:   47 10:51:01     -459.769012        1.261916
BFGS:   48 10:51:01     -459.868652        2.708610
BFGS:   49 10:51:02     -460.007324        1.986608
BFGS:   50 10:51:03     -459.911102        2.095495
BFGS:   51 10:51:03     -459.652618        2.042104
BFGS:   52 10:51:04     -460.107941        2.842511
BFGS:   53 10:51:05     -460.245483        1.437255
BFGS:   54 10:51:05     -460.077057        1.933981
BFGS:   55 10:51:06     -459.850098        2.635410
BFGS:   56 10:51:07     -460.055634        1.536490
BFGS:   57 10:51:07     -460.101288        1.714305
BFGS:   58 10:51:08     -460.033905        0.856707
BFGS:   59 10:51:09     -460.122650        1.408913
BFGS:   60 10:51:10     -460.091492        1.760068
BFGS:   61 10:51:11     -460.069641        1.591445
BFGS:   62 10:51:12     -460.053558        1.141931
BFGS:   63 10:51:12     -460.111694        1.263151
BFGS:   64 10:51:13     -459.928070        1.360531
BFGS:   65 10:51:14     -459.775055        2.058085
BFGS:   66 10:51:15     -460.135712        2.286408
BFGS:   67 10:51:16     -460.174042        1.569620
BFGS:   68 10:51:16     -459.951691        2.111970
BFGS:   69 10:51:17     -459.754059        2.175791
BFGS:   70 10:51:17     -459.950439        1.079861
BFGS:   71 10:51:18     -460.019409        1.985405
BFGS:   72 10:51:19     -460.075104        1.425528
BFGS:   73 10:51:19     -459.954102        1.506938
BFGS:   74 10:51:20     -460.126831        1.538500
BFGS:   75 10:51:21     -460.162598        1.507633
BFGS:   76 10:51:21     -460.154053        1.441469
BFGS:   77 10:51:22     -460.034668        0.799157
BFGS:   78 10:51:23     -460.093414        0.842349
BFGS:   79 10:51:24     -459.894043        1.566398
BFGS:   80 10:51:25     -459.937042        1.322235
BFGS:   81 10:51:25     -460.193054        1.169423
BFGS:   82 10:51:26     -460.132507        1.415076
BFGS:   83 10:51:27     -459.889709        2.166857
BFGS:   84 10:51:27     -460.002197        1.203060
BFGS:   85 10:51:28     -459.992188        1.781962
BFGS:   86 10:51:29     -460.116943        1.156237
BFGS:   87 10:51:30     -460.090210        0.712056
BFGS:   88 10:51:31     -460.104462        0.415103
BFGS:   89 10:51:32     -460.110138        0.454617
BFGS:   90 10:51:33     -460.052460        0.981704
BFGS:   91 10:51:33     -460.102264        0.204681
BFGS:   92 10:51:34     -460.104919        0.142894
BFGS:   93 10:51:35     -460.105652        0.131505
BFGS:   94 10:51:35     -460.107483        0.103132
BFGS:   95 10:51:36     -460.108337        0.093959
BFGS:   96 10:51:37     -460.108734        0.143456
BFGS:   97 10:51:38     -460.109253        0.135098
BFGS:   98 10:51:38     -460.109650        0.107294
BFGS:   99 10:51:39     -460.109436        0.078727
BFGS:  100 10:51:40     -460.106689        0.134757
BFGS:  101 10:51:41     -460.106689        0.147399
BFGS:  102 10:51:41     -460.107239        0.199650
BFGS:  103 10:51:42     -460.106812        0.207079
BFGS:  104 10:51:43     -460.102570        0.259196
BFGS:  105 10:51:43     -460.096619        0.315043
BFGS:  106 10:51:44     -460.096680        0.331216
BFGS:  107 10:51:45     -460.103699        0.297610
BFGS:  108 10:51:45     -460.106903        0.234439
BFGS:  109 10:51:46     -460.107391        0.135422
BFGS:  110 10:51:47     -460.106750        0.128813
BFGS:  111 10:51:47     -460.105194        0.139172
BFGS:  112 10:51:48     -460.103638        0.170722
BFGS:  113 10:51:49     -460.097595        0.312751
BFGS:  114 10:51:49     -460.082153        0.458897
BFGS:  115 10:51:50     -460.022675        0.662869
BFGS:  116 10:51:51     -460.009247        0.727761
BFGS:  117 10:51:51     -460.061005        0.484288
BFGS:  118 10:51:52     -460.097717        0.533750
BFGS:  119 10:51:53     -460.101257        0.278836
BFGS:  120 10:51:53     -460.045013        0.527396
BFGS:  121 10:51:54     -460.076141        0.350820
BFGS:  122 10:51:55     -460.086884        0.399154
BFGS:  123 10:51:55     -460.094025        0.269088
BFGS:  124 10:51:56     -460.086884        0.562033
BFGS:  125 10:51:57     -460.089478        0.499121
BFGS:  126 10:51:57     -460.104065        0.507551
BFGS:  127 10:51:58     -460.103577        0.232483
BFGS:  128 10:51:59     -460.095612        0.557301
BFGS:  129 10:51:59     -460.104584        0.181725
BFGS:  130 10:52:00     -460.106232        0.175709
BFGS:  131 10:52:01     -460.103668        0.246604
BFGS:  132 10:52:01     -460.106873        0.089396
BFGS:  133 10:52:02     -460.108032        0.070679
BFGS:  134 10:52:03     -460.110107        0.116607
BFGS:  135 10:52:04     -460.110291        0.083324
BFGS:  136 10:52:04     -460.110443        0.113203
BFGS:  137 10:52:05     -460.110321        0.139369
BFGS:  138 10:52:05     -460.109467        0.124858
BFGS:  139 10:52:06     -460.108765        0.101990
BFGS:  140 10:52:07     -460.109863        0.120377
BFGS:  141 10:52:07     -460.111359        0.133220
BFGS:  142 10:52:08     -460.109772        0.180120
BFGS:  143 10:52:09     -460.108093        0.152010
BFGS:  144 10:52:10     -460.109955        0.203559
BFGS:  145 10:52:10     -460.110199        0.204955
BFGS:  146 10:52:11     -460.102692        0.163724
BFGS:  147 10:52:12     -460.108673        0.115796
BFGS:  148 10:52:12     -460.111511        0.105753
BFGS:  149 10:52:13     -460.111237        0.085234
BFGS:  150 10:52:14     -460.111389        0.081290
BFGS:  151 10:52:14     -460.110809        0.224009
BFGS:  152 10:52:15     -460.103180        0.301465
BFGS:  153 10:52:16     -460.091827        0.204215
BFGS:  154 10:52:16     -460.096985        0.285918
BFGS:  155 10:52:17     -460.108856        0.792683
BFGS:  156 10:52:18     -460.083160        0.726935
BFGS:  157 10:52:19     -460.075867        0.770203
BFGS:  158 10:52:19     -460.123230        0.917264
BFGS:  159 10:52:20     -460.016052        0.774202
BFGS:  160 10:52:21     -460.043640        0.730814
BFGS:  161 10:52:21     -460.066772        1.170837
BFGS:  162 10:52:22     -460.095673        0.667894
BFGS:  163 10:52:23     -460.099121        0.146646
BFGS:  164 10:52:23     -460.109528        0.396931
BFGS:  165 10:52:24     -460.106415        0.304002
BFGS:  166 10:52:25     -460.111450        0.551765
BFGS:  167 10:52:25     -460.111694        0.372742
BFGS:  168 10:52:26     -460.106079        0.176388
BFGS:  169 10:52:26     -460.109863        0.110537
BFGS:  170 10:52:27     -460.110962        0.165516
BFGS:  171 10:52:28     -460.110992        0.113976
BFGS:  172 10:52:29     -460.111267        0.254508
BFGS:  173 10:52:29     -460.108551        0.360525
BFGS:  174 10:52:30     -460.099365        0.307671
BFGS:  175 10:52:32     -460.097717        0.143908
BFGS:  176 10:52:33     -460.103455        0.185087
BFGS:  177 10:52:33     -460.111084        0.256055
BFGS:  178 10:52:34     -460.108734        0.404932
BFGS:  179 10:52:35     -460.091522        0.281764
BFGS:  180 10:52:35     -460.090698        0.407123
BFGS:  181 10:52:36     -460.121124        0.926346
BFGS:  182 10:52:37     -460.004700        1.795952
BFGS:  183 10:52:37     -460.032837        0.535468
BFGS:  184 10:52:38     -460.109467        0.574203
BFGS:  185 10:52:39     -460.111694        0.139382
BFGS:  186 10:52:39     -460.111847        0.141177
BFGS:  187 10:52:40     -460.107727        0.197851
BFGS:  188 10:52:41     -460.045776        0.617753
BFGS:  189 10:52:42     -460.101562        0.279411
BFGS:  190 10:52:42     -460.092804        0.426157
BFGS:  191 10:52:43     -460.111694        0.073357
BFGS:  192 10:52:44     -460.111847        0.053021
BFGS:  193 10:52:44     -460.111847        0.052109
BFGS:  194 10:52:45     -460.112122        0.074835
BFGS:  195 10:52:46     -460.112213        0.102393
BFGS:  196 10:52:46     -460.111267        0.082179
BFGS:  197 10:52:47     -460.110565        0.077758
BFGS:  198 10:52:48     -460.111053        0.089583
BFGS:  199 10:52:48     -460.114075        0.237344
BFGS:  200 10:52:49     -460.111694        0.384271
BFGS:  201 10:52:50     -460.060608        0.637463
BFGS:  202 10:52:51     -460.054108        0.553425
BFGS:  203 10:52:51     -460.094086        0.503137
BFGS:  204 10:52:52     -460.110199        0.592795
BFGS:  205 10:52:53     -460.062683        0.855987
BFGS:  206 10:52:53     -459.918457        0.806047
BFGS:  207 10:52:54     -459.820923        1.175055
BFGS:  208 10:52:55     -460.062866        2.215759
BFGS:  209 10:52:56     -460.235138        1.470121
BFGS:  210 10:52:57     -460.326324        1.118663
BFGS:  211 10:52:57     -460.246582        1.321476
BFGS:  212 10:52:58     -460.176361        1.185425
BFGS:  213 10:52:59     -460.118256        0.949486
BFGS:  214 10:52:59     -460.080444        0.465453
BFGS:  215 10:53:00     -460.039978        0.607951
BFGS:  216 10:53:01     -460.057709        0.509685
BFGS:  217 10:53:01     -460.111633        0.776388
BFGS:  218 10:53:02     -460.113953        0.904628
BFGS:  219 10:53:03     -460.054565        0.926602
BFGS:  220 10:53:03     -459.926117        1.412685
BFGS:  221 10:53:04     -459.937622        1.305159
BFGS:  222 10:53:05     -460.057098        1.011800
BFGS:  223 10:53:05     -460.129333        1.026313
BFGS:  224 10:53:06     -460.164581        1.137367
BFGS:  225 10:53:07     -460.181030        1.191244
BFGS:  226 10:53:07     -460.161621        1.283601
BFGS:  227 10:53:08     -460.030823        1.171007
BFGS:  228 10:53:09     -459.730133        1.537163
BFGS:  229 10:53:10     -459.706146        2.146781
BFGS:  230 10:53:10     -459.981506        1.916967
BFGS:  231 10:53:11     -460.200409        1.693655
BFGS:  232 10:53:11     -460.283234        1.683630
BFGS:  233 10:53:12     -460.218170        1.662101
BFGS:  234 10:53:13     -460.049255        1.750413
BFGS:  235 10:53:13     -459.709961        1.922495
BFGS:  236 10:53:14     -459.447418        1.875874
BFGS:  237 10:53:15     -459.658905        1.335195
BFGS:  238 10:53:16     -459.872406        1.245893
BFGS:  239 10:53:16     -460.026276        1.533869
BFGS:  240 10:53:17     -460.128601        1.665753
BFGS:  241 10:53:18     -460.204346        1.685698
BFGS:  242 10:53:18     -460.248383        1.588227
BFGS:  243 10:53:19     -460.189484        1.320339
BFGS:  244 10:53:20     -460.007019        1.153661
BFGS:  245 10:53:20     -459.755219        1.335842
BFGS:  246 10:53:21     -459.506042        1.220949
BFGS:  247 10:53:22     -459.602631        1.951064
BFGS:  248 10:53:23     -459.911346        2.309257
BFGS:  249 10:53:23     -460.171722        1.821590
BFGS:  250 10:53:24     -460.314301        1.704091
BFGS:  251 10:53:25     -460.359924        1.166910
BFGS:  252 10:53:25     -460.288574        2.151496
BFGS:  253 10:53:26     -459.853394        4.513262
BFGS:  254 10:53:27     -459.435822        4.093034
BFGS:  255 10:53:27     -459.701508        3.065836
BFGS:  256 10:53:28     -459.671326        1.321040
BFGS:  257 10:53:29     -459.673218        1.066163
BFGS:  258 10:53:29     -459.929382        2.243418
BFGS:  259 10:53:30     -460.231323        1.875281
BFGS:  260 10:53:31     -460.354095        1.531439
BFGS:  261 10:53:32     -460.306702        1.440795
BFGS:  262 10:53:33     -459.987701        1.859405
BFGS:  263 10:53:33     -459.875366        1.608966
BFGS:  264 10:53:34     -460.004028        1.556388
BFGS:  265 10:53:35     -459.916046        2.124240
BFGS:  266 10:53:35     -460.116821        1.117977
BFGS:  267 10:53:36     -460.113617        0.904224
BFGS:  268 10:53:37     -460.076965        1.008702
BFGS:  269 10:53:37     -460.111938        0.894207
BFGS:  270 10:53:38     -460.060913        0.864540
BFGS:  271 10:53:39     -460.002197        0.706104
BFGS:  272 10:53:39     -460.000488        0.815182
BFGS:  273 10:53:40     -460.100342        1.729627
BFGS:  274 10:53:41     -459.928558        2.176970
BFGS:  275 10:53:41     -460.153168        1.276049
BFGS:  276 10:53:42     -460.140045        1.124476
BFGS:  277 10:53:43     -460.050629        0.594881
BFGS:  278 10:53:43     -460.082367        1.221161
BFGS:  279 10:53:44     -460.461884        1.234075
BFGS:  280 10:53:45     -460.345306        1.846546
BFGS:  281 10:53:46     -460.130615        0.952720
BFGS:  282 10:53:46     -460.142151        0.932339
BFGS:  283 10:53:47     -460.061615        0.450222
BFGS:  284 10:53:48     -460.078461        0.388667
BFGS:  285 10:53:48     -460.102753        0.357297
BFGS:  286 10:53:49     -460.037720        0.551080
BFGS:  287 10:53:50     -460.096344        0.222120
BFGS:  288 10:53:50     -460.063080        0.455622
BFGS:  289 10:53:51     -460.103607        0.243777
BFGS:  290 10:53:52     -460.103455        0.217240
BFGS:  291 10:53:52     -460.198242        1.585630
BFGS:  292 10:53:53     -460.108521        0.320345
BFGS:  293 10:53:54     -460.115021        0.365102
BFGS:  294 10:53:55     -460.118835        0.659669
BFGS:  295 10:53:55     -459.919464        1.602236
BFGS:  296 10:53:56     -460.071259        0.727140
BFGS:  297 10:53:57     -460.086426        0.413661
BFGS:  298 10:53:58     -460.339111        1.579018
BFGS:  299 10:53:58     -460.183868        1.189146
BFGS:  300 10:53:59     -460.199280        1.370247
BFGS:  301 10:54:00     -460.121826        1.544650
BFGS:  302 10:54:00     -460.094574        1.301211
BFGS:  303 10:54:01     -460.114624        1.069643
BFGS:  304 10:54:02     -460.167542        1.449647
BFGS:  305 10:54:03     -460.078125        1.414570
BFGS:  306 10:54:03     -459.975006        1.792119
BFGS:  307 10:54:04     -460.483612        1.655212
BFGS:  308 10:54:05     -460.446503        1.510635
BFGS:  309 10:54:06     -460.142792        1.293155
BFGS:  310 10:54:06     -459.990753        0.662203
BFGS:  311 10:54:07     -460.044861        0.476205
BFGS:  312 10:54:08     -460.103973        0.557587
BFGS:  313 10:54:09     -460.100677        0.245242
BFGS:  314 10:54:10     -460.111115        0.223822
BFGS:  315 10:54:10     -460.087341        0.312709
BFGS:  316 10:54:11     -460.106415        0.168355
BFGS:  317 10:54:12     -460.109100        0.128906
BFGS:  318 10:54:12     -460.109985        0.074827
BFGS:  319 10:54:13     -460.110291        0.064798
BFGS:  320 10:54:14     -460.110687        0.069014
BFGS:  321 10:54:14     -460.111084        0.050586
BFGS:  322 10:54:15     -460.111389        0.033736
