      Step     Time          Energy          fmax
BFGS:    0 03:17:46     -429.594330        3.554071
BFGS:    1 03:17:47     -430.123505        3.113907
BFGS:    2 03:17:47     -430.550049        2.868821
BFGS:    3 03:17:48     -430.801178        2.372971
BFGS:    4 03:17:48     -431.107147        1.495465
BFGS:    5 03:17:48     -431.233765        1.626118
BFGS:    6 03:17:49     -431.357941        1.327575
BFGS:    7 03:17:49     -431.507202        1.170710
BFGS:    8 03:17:50     -431.669586        1.449472
BFGS:    9 03:17:50     -431.700409        1.523750
BFGS:   10 03:17:51     -431.656219        1.596197
BFGS:   11 03:17:51     -431.560333        1.451342
BFGS:   12 03:17:52     -431.362732        1.689526
BFGS:   13 03:17:52     -431.104858        1.425820
BFGS:   14 03:17:52     -430.930084        0.966687
BFGS:   15 03:17:53     -430.853699        0.877593
BFGS:   16 03:17:53     -430.800690        0.714997
BFGS:   17 03:17:54     -430.760010        0.475167
BFGS:   18 03:17:55     -430.745941        0.458542
BFGS:   19 03:17:55     -430.747742        0.426835
BFGS:   20 03:17:55     -430.756165        0.436910
BFGS:   21 03:17:56     -430.763977        0.378422
BFGS:   22 03:17:56     -430.774567        0.373395
BFGS:   23 03:17:57     -430.779449        0.475414
BFGS:   24 03:17:57     -430.789368        0.382859
BFGS:   25 03:17:58     -430.775482        0.613681
BFGS:   26 03:17:58     -430.786102        0.330736
BFGS:   27 03:17:59     -430.792786        0.329682
BFGS:   28 03:17:59     -430.796722        0.379823
BFGS:   29 03:17:59     -430.797577        0.382580
BFGS:   30 03:18:00     -430.801605        0.297266
BFGS:   31 03:18:00     -430.808624        0.229611
BFGS:   32 03:18:01     -430.814178        0.221459
BFGS:   33 03:18:01     -430.815125        0.245045
BFGS:   34 03:18:01     -430.812805        0.241468
BFGS:   35 03:18:02     -430.809174        0.190487
      Step     Time          Energy          fmax
BFGS:    0 10:59:35     -456.265015        4.054485
BFGS:    1 10:59:36     -456.691132        1.808038
BFGS:    2 10:59:36     -456.832977        0.836705
BFGS:    3 10:59:37     -456.882904        0.846801
BFGS:    4 10:59:38     -456.959900        1.218964
BFGS:    5 10:59:39     -457.047729        1.327392
BFGS:    6 10:59:39     -457.139008        1.085776
BFGS:    7 10:59:40     -457.212250        1.139642
BFGS:    8 10:59:41     -457.262329        1.217324
BFGS:    9 10:59:41     -457.278839        1.047788
BFGS:   10 10:59:43     -457.276794        0.420522
BFGS:   11 10:59:44     -457.277344        0.551560
BFGS:   12 10:59:44     -457.272095        0.385400
BFGS:   13 10:59:45     -457.265228        0.388838
BFGS:   14 10:59:46     -457.243744        0.370182
BFGS:   15 10:59:47     -457.220825        0.436320
BFGS:   16 10:59:47     -457.160278        0.648840
BFGS:   17 10:59:48     -457.101105        0.760707
BFGS:   18 10:59:48     -457.051056        0.493813
BFGS:   19 10:59:49     -457.071503        0.466005
BFGS:   20 10:59:50     -457.022034        0.632341
BFGS:   21 10:59:50     -457.015808        0.658164
BFGS:   22 10:59:51     -456.950531        1.240825
BFGS:   23 10:59:52     -456.978882        0.825093
BFGS:   24 10:59:53     -457.027435        1.226015
BFGS:   25 10:59:53     -457.033997        1.222837
BFGS:   26 10:59:54     -456.968140        1.682397
BFGS:   27 10:59:55     -456.492737        2.622984
BFGS:   28 10:59:56     -456.625214        2.219491
BFGS:   29 10:59:57     -456.889832        1.455009
BFGS:   30 10:59:57     -456.898529        1.510120
BFGS:   31 10:59:58     -456.914764        0.810235
BFGS:   32 10:59:59     -456.796509        0.682488
BFGS:   33 11:00:00     -456.438965        1.331475
BFGS:   34 11:00:00     -456.104340        1.271921
BFGS:   35 11:00:01     -455.598572        1.665852
BFGS:   36 11:00:01     -454.918579        2.259908
BFGS:   37 11:00:02     -454.138031        2.719659
BFGS:   38 11:00:03     -453.620178        2.533616
BFGS:   39 11:00:03     -453.484161        2.026930
BFGS:   40 11:00:04     -453.432098        2.049753
BFGS:   41 11:00:05     -453.227325        2.120555
BFGS:   42 11:00:05     -453.029694        2.043275
BFGS:   43 11:00:06     -452.845734        2.076046
BFGS:   44 11:00:07     -452.672394        2.417911
BFGS:   45 11:00:07     -452.302307        3.308622
BFGS:   46 11:00:08     -451.992706        4.184034
BFGS:   47 11:00:09     -451.608063        3.773518
BFGS:   48 11:00:10     -451.018829        3.752513
BFGS:   49 11:00:10     -450.268555        4.042408
BFGS:   50 11:00:11     -449.415833        4.456491
BFGS:   51 11:00:12     -448.492554        4.876491
BFGS:   52 11:00:12     -447.494446        5.237303
BFGS:   53 11:00:13     -446.388947        5.532390
BFGS:   54 11:00:14     -445.160156        5.769797
BFGS:   55 11:00:14     -443.861298        5.872879
BFGS:   56 11:00:15     -442.563843        5.711481
BFGS:   57 11:00:16     -441.497253        5.179032
BFGS:   58 11:00:17     -440.681976        5.364640
BFGS:   59 11:00:17     -439.961273        5.657843
BFGS:   60 11:00:18     -439.570251        5.852266
BFGS:   61 11:00:19     -439.400848        5.837115
BFGS:   62 11:00:19     -439.247467        5.836825
BFGS:   63 11:00:20     -439.169586        5.722505
BFGS:   64 11:00:21     -439.042694        3.237215
BFGS:   65 11:00:22     -439.869537        2.932263
BFGS:   66 11:00:22     -443.107269        1.811508
BFGS:   67 11:00:23     -445.629395        3.178609
BFGS:   68 11:00:24     -446.444122        2.849228
BFGS:   69 11:00:24     -448.666077        1.650857
BFGS:   70 11:00:25     -449.686462        2.322936
BFGS:   71 11:00:26     -450.537720        2.249216
BFGS:   72 11:00:26     -451.491821        2.315366
BFGS:   73 11:00:27     -452.136108        2.015224
BFGS:   74 11:00:28     -452.474213        1.633423
BFGS:   75 11:00:28     -452.930847        1.349436
BFGS:   76 11:00:29     -453.244171        1.468558
BFGS:   77 11:00:30     -453.471497        1.178848
BFGS:   78 11:00:30     -453.674957        1.172997
BFGS:   79 11:00:31     -453.832001        0.728791
BFGS:   80 11:00:32     -453.909546        0.671833
BFGS:   81 11:00:32     -453.949951        0.739923
BFGS:   82 11:00:33     -453.967712        0.703686
BFGS:   83 11:00:34     -453.997253        0.628765
BFGS:   84 11:00:35     -453.992676        0.824333
BFGS:   85 11:00:36     -453.893707        1.105752
BFGS:   86 11:00:37     -453.737915        1.735167
BFGS:   87 11:00:37     -453.597961        2.176200
BFGS:   88 11:00:38     -453.594757        1.911231
BFGS:   89 11:00:39     -453.713074        0.984251
BFGS:   90 11:00:39     -453.811676        0.772963
BFGS:   91 11:00:40     -453.883331        0.722689
BFGS:   92 11:00:41     -453.926697        0.563654
BFGS:   93 11:00:42     -453.969391        0.524325
BFGS:   94 11:00:42     -454.001678        0.558418
BFGS:   95 11:00:43     -454.022766        0.604790
BFGS:   96 11:00:44     -454.034058        0.506326
BFGS:   97 11:00:45     -454.049408        0.569430
BFGS:   98 11:00:45     -454.071503        0.799326
BFGS:   99 11:00:46     -454.084869        1.032376
BFGS:  100 11:00:47     -454.082947        1.021150
BFGS:  101 11:00:47     -454.093811        0.795320
BFGS:  102 11:00:48     -454.123871        0.575448
BFGS:  103 11:00:49     -454.149017        0.438466
BFGS:  104 11:00:49     -454.165863        0.315141
BFGS:  105 11:00:50     -454.171783        0.481594
BFGS:  106 11:00:51     -454.178864        0.284749
BFGS:  107 11:00:52     -454.184296        0.254971
BFGS:  108 11:00:52     -454.185699        0.264847
BFGS:  109 11:00:53     -454.185486        0.238509
BFGS:  110 11:00:54     -454.184998        0.263824
BFGS:  111 11:00:54     -454.183228        0.244694
BFGS:  112 11:00:55     -454.182373        0.222903
BFGS:  113 11:00:56     -454.182404        0.263222
BFGS:  114 11:00:56     -454.181763        0.394327
BFGS:  115 11:00:57     -454.179047        0.505053
BFGS:  116 11:00:58     -454.169739        0.571811
BFGS:  117 11:00:58     -454.155487        0.529387
BFGS:  118 11:00:59     -454.149933        0.559512
BFGS:  119 11:01:00     -454.162506        0.424660
BFGS:  120 11:01:01     -454.177063        0.483901
BFGS:  121 11:01:01     -454.186157        0.200473
BFGS:  122 11:01:02     -454.186432        0.582629
BFGS:  123 11:01:03     -454.156036        1.488067
BFGS:  124 11:01:04     -454.093445        2.213764
BFGS:  125 11:01:04     -453.999878        2.640124
BFGS:  126 11:01:05     -453.906921        2.812953
BFGS:  127 11:01:06     -453.786865        2.993436
BFGS:  128 11:01:06     -453.671967        3.165849
BFGS:  129 11:01:07     -453.603424        3.139586
BFGS:  130 11:01:08     -453.581299        2.981356
BFGS:  131 11:01:09     -453.633972        2.823037
BFGS:  132 11:01:09     -453.740479        2.416611
BFGS:  133 11:01:10     -453.869629        1.400522
BFGS:  134 11:01:11     -453.960144        1.003367
BFGS:  135 11:01:11     -454.022827        1.225296
BFGS:  136 11:01:12     -454.040405        1.428080
BFGS:  137 11:01:13     -454.097687        0.947858
BFGS:  138 11:01:14     -454.133270        0.552524
BFGS:  139 11:01:14     -454.138245        0.483714
BFGS:  140 11:01:15     -454.149811        0.509174
BFGS:  141 11:01:16     -454.147980        0.685703
BFGS:  142 11:01:16     -454.169495        0.278862
BFGS:  143 11:01:17     -454.177399        0.779095
BFGS:  144 11:01:18     -454.152222        0.950829
BFGS:  145 11:01:18     -454.161163        0.417541
BFGS:  146 11:01:19     -454.184875        0.734118
BFGS:  147 11:01:20     -454.185120        0.250883
BFGS:  148 11:01:21     -454.183228        1.034705
BFGS:  149 11:01:21     -454.184326        0.782927
BFGS:  150 11:01:22     -454.188019        0.952997
BFGS:  151 11:01:23     -454.188538        0.164907
BFGS:  152 11:01:23     -454.188660        0.164694
BFGS:  153 11:01:24     -454.188629        0.210749
BFGS:  154 11:01:25     -454.188232        0.193976
BFGS:  155 11:01:25     -454.187378        0.224453
BFGS:  156 11:01:26     -454.186615        0.352462
BFGS:  157 11:01:27     -454.186432        0.274038
BFGS:  158 11:01:28     -454.185974        0.226367
BFGS:  159 11:01:28     -454.186371        0.209825
BFGS:  160 11:01:29     -454.183044        0.410477
BFGS:  161 11:01:30     -454.185303        0.399279
BFGS:  162 11:01:30     -454.186920        0.296098
BFGS:  163 11:01:31     -454.187317        0.184450
BFGS:  164 11:01:32     -454.187042        0.199570
BFGS:  165 11:01:32     -454.186401        0.222967
BFGS:  166 11:01:33     -454.186218        0.179846
BFGS:  167 11:01:34     -454.186157        0.237236
BFGS:  168 11:01:35     -454.185608        0.295010
BFGS:  169 11:01:36     -454.184906        0.276637
BFGS:  170 11:01:37     -454.184814        0.274945
BFGS:  171 11:01:37     -454.186584        0.219909
BFGS:  172 11:01:38     -454.188690        0.228041
BFGS:  173 11:01:39     -454.189117        0.245034
BFGS:  174 11:01:39     -454.187164        0.261623
BFGS:  175 11:01:40     -454.184631        0.278325
BFGS:  176 11:01:41     -454.185425        0.413137
BFGS:  177 11:01:42     -454.186157        0.383569
BFGS:  178 11:01:42     -454.186707        0.229634
BFGS:  179 11:01:43     -454.188232        0.125947
BFGS:  180 11:01:44     -454.189423        0.229695
BFGS:  181 11:01:44     -454.189148        0.291145
BFGS:  182 11:01:45     -454.185455        0.655006
BFGS:  183 11:01:46     -454.170807        0.902415
BFGS:  184 11:01:47     -454.179230        0.623889
BFGS:  185 11:01:47     -454.187195        0.815572
BFGS:  186 11:01:48     -454.188751        0.204343
BFGS:  187 11:01:49     -454.187836        0.345496
BFGS:  188 11:01:49     -454.185181        1.233282
BFGS:  189 11:01:50     -454.186035        1.080708
BFGS:  190 11:01:51     -454.189117        0.658311
BFGS:  191 11:01:51     -454.190063        0.232412
BFGS:  192 11:01:52     -454.189148        0.441685
BFGS:  193 11:01:53     -454.189026        0.392480
BFGS:  194 11:01:53     -454.187836        0.270929
BFGS:  195 11:01:54     -454.188019        0.258688
BFGS:  196 11:01:55     -454.186218        0.678608
BFGS:  197 11:01:56     -454.187622        0.627887
BFGS:  198 11:01:56     -454.188019        0.349076
BFGS:  199 11:01:57     -454.189789        0.338546
BFGS:  200 11:01:58     -454.190125        0.268444
BFGS:  201 11:01:58     -454.190735        0.411723
BFGS:  202 11:01:59     -454.190735        0.176513
BFGS:  203 11:02:00     -454.191010        0.108942
BFGS:  204 11:02:01     -454.191162        0.108014
BFGS:  205 11:02:02     -454.191345        0.082650
BFGS:  206 11:02:02     -454.190918        0.141943
BFGS:  207 11:02:03     -454.188812        0.562007
BFGS:  208 11:02:04     -454.187317        0.644428
BFGS:  209 11:02:04     -454.183624        0.716869
BFGS:  210 11:02:05     -454.184113        0.909495
BFGS:  211 11:02:06     -454.183624        0.658954
BFGS:  212 11:02:06     -454.173859        0.763067
BFGS:  213 11:02:07     -454.176758        1.073489
BFGS:  214 11:02:08     -454.190247        0.388344
BFGS:  215 11:02:09     -454.192139        0.140146
BFGS:  216 11:02:09     -454.193604        0.242549
BFGS:  217 11:02:10     -454.193481        0.277019
BFGS:  218 11:02:11     -454.192535        0.545149
BFGS:  219 11:02:11     -454.190155        0.902412
BFGS:  220 11:02:12     -454.191833        0.632496
BFGS:  221 11:02:13     -454.194702        0.380676
BFGS:  222 11:02:13     -454.199921        0.282936
BFGS:  223 11:02:14     -454.200867        0.217740
BFGS:  224 11:02:15     -454.200806        0.230727
BFGS:  225 11:02:15     -454.199829        0.412353
BFGS:  226 11:02:16     -454.200531        0.476556
BFGS:  227 11:02:17     -454.202637        0.350044
BFGS:  228 11:02:17     -454.203857        0.290013
BFGS:  229 11:02:18     -454.205109        0.665247
BFGS:  230 11:02:19     -454.207581        0.673836
BFGS:  231 11:02:19     -454.206085        0.421022
BFGS:  232 11:02:20     -454.209229        0.167583
BFGS:  233 11:02:21     -454.211365        0.252725
BFGS:  234 11:02:21     -454.213928        0.441881
BFGS:  235 11:02:22     -454.216278        0.870729
BFGS:  236 11:02:23     -454.217590        0.677740
BFGS:  237 11:02:23     -454.216705        0.594799
BFGS:  238 11:02:24     -454.220215        0.379297
BFGS:  239 11:02:25     -454.220459        0.281338
BFGS:  240 11:02:26     -454.221802        0.171917
BFGS:  241 11:02:26     -454.222473        0.153808
BFGS:  242 11:02:27     -454.224670        0.165536
BFGS:  243 11:02:28     -454.224243        0.179515
BFGS:  244 11:02:28     -454.220764        0.272288
BFGS:  245 11:02:29     -454.208649        0.402426
BFGS:  246 11:02:30     -453.955017        3.143328
BFGS:  247 11:02:31     -453.581940        2.929419
BFGS:  248 11:02:31     -453.742371        3.604365
BFGS:  249 11:02:32     -453.751251        3.426984
BFGS:  250 11:02:33     -453.555695        2.861312
BFGS:  251 11:02:33     -453.547882        2.062160
BFGS:  252 11:02:34     -453.653656        1.209455
BFGS:  253 11:02:35     -453.417725        2.610951
BFGS:  254 11:02:36     -453.322662        3.444433
BFGS:  255 11:02:37     -453.342316        2.821382
BFGS:  256 11:02:38     -453.375000        2.469045
BFGS:  257 11:02:39     -453.419830        2.223179
BFGS:  258 11:02:39     -453.511993        1.513200
BFGS:  259 11:02:40     -453.668427        1.255822
BFGS:  260 11:02:41     -453.758759        1.096799
BFGS:  261 11:02:41     -453.926270        2.448626
BFGS:  262 11:02:42     -453.925079        1.229684
BFGS:  263 11:02:43     -453.964508        0.713962
BFGS:  264 11:02:44     -453.990570        0.654711
BFGS:  265 11:02:44     -453.998383        0.610559
BFGS:  266 11:02:45     -453.981354        0.618050
BFGS:  267 11:02:46     -453.995209        0.624567
BFGS:  268 11:02:46     -453.984619        0.632505
BFGS:  269 11:02:47     -453.953979        0.683630
BFGS:  270 11:02:48     -453.884827        0.899680
BFGS:  271 11:02:49     -453.800049        1.266891
BFGS:  272 11:02:49     -453.701355        1.136853
BFGS:  273 11:02:50     -453.830536        1.181490
BFGS:  274 11:02:51     -453.845917        0.781682
BFGS:  275 11:02:52     -453.842926        0.786546
BFGS:  276 11:02:52     -453.901703        0.690848
BFGS:  277 11:02:53     -453.941376        0.608160
BFGS:  278 11:02:54     -454.002930        0.512568
BFGS:  279 11:02:54     -454.037781        0.638719
BFGS:  280 11:02:55     -454.062592        0.935683
BFGS:  281 11:02:56     -454.061554        0.467256
BFGS:  282 11:02:57     -454.082306        0.361155
BFGS:  283 11:02:57     -454.098969        0.501151
BFGS:  284 11:02:58     -454.110657        0.504571
BFGS:  285 11:02:59     -454.114380        0.584169
BFGS:  286 11:02:59     -454.119537        0.531314
BFGS:  287 11:03:00     -454.125214        0.354267
BFGS:  288 11:03:01     -454.128632        0.277966
BFGS:  289 11:03:02     -454.128448        0.273458
BFGS:  290 11:03:02     -454.136261        0.318392
BFGS:  291 11:03:03     -454.139282        0.256796
BFGS:  292 11:03:04     -454.143677        0.266699
BFGS:  293 11:03:04     -454.143372        0.280637
BFGS:  294 11:03:05     -454.142029        0.303379
BFGS:  295 11:03:06     -454.139648        0.337785
BFGS:  296 11:03:07     -454.144653        0.305220
BFGS:  297 11:03:08     -454.153992        0.192508
BFGS:  298 11:03:08     -454.154449        0.204187
BFGS:  299 11:03:09     -454.158844        0.185203
BFGS:  300 11:03:10     -454.159882        0.176200
BFGS:  301 11:03:10     -454.160950        0.178243
BFGS:  302 11:03:11     -454.162811        0.167129
BFGS:  303 11:03:12     -454.163788        0.154081
BFGS:  304 11:03:12     -454.165100        0.126447
BFGS:  305 11:03:13     -454.165802        0.116466
BFGS:  306 11:03:14     -454.166229        0.110976
BFGS:  307 11:03:14     -454.166077        0.109577
BFGS:  308 11:03:15     -454.165314        0.116269
BFGS:  309 11:03:16     -454.165710        0.113047
BFGS:  310 11:03:16     -454.166412        0.108543
BFGS:  311 11:03:17     -454.167480        0.127797
BFGS:  312 11:03:18     -454.169342        0.107119
BFGS:  313 11:03:19     -454.170197        0.074488
BFGS:  314 11:03:20     -454.170807        0.085186
BFGS:  315 11:03:20     -454.170837        0.108644
BFGS:  316 11:03:21     -454.170654        0.119498
BFGS:  317 11:03:22     -454.171143        0.083277
BFGS:  318 11:03:22     -454.171814        0.072816
BFGS:  319 11:03:23     -454.172180        0.068366
BFGS:  320 11:03:24     -454.172394        0.062745
BFGS:  321 11:03:24     -454.172729        0.062379
BFGS:  322 11:03:25     -454.173035        0.080310
BFGS:  323 11:03:26     -454.173340        0.080891
BFGS:  324 11:03:26     -454.173492        0.056914
BFGS:  325 11:03:27     -454.173553        0.061450
BFGS:  326 11:03:28     -454.173645        0.066608
BFGS:  327 11:03:29     -454.173798        0.050870
BFGS:  328 11:03:29     -454.174042        0.039956
