      Step     Time          Energy          fmax
BFGS:    0 03:31:40     -436.046051        2.575613
BFGS:    1 03:31:40     -436.408051        2.274615
BFGS:    2 03:31:41     -436.753265        1.410987
BFGS:    3 03:31:41     -436.926086        1.356767
BFGS:    4 03:31:42     -437.192169        1.372934
BFGS:    5 03:31:42     -437.288452        1.442550
BFGS:    6 03:31:43     -437.497681        1.246963
BFGS:    7 03:31:43     -437.638702        0.949034
BFGS:    8 03:31:44     -437.927704        1.395809
BFGS:    9 03:31:44     -438.036865        1.217529
BFGS:   10 03:31:45     -438.221954        0.994981
BFGS:   11 03:31:45     -438.266571        0.934175
BFGS:   12 03:31:46     -438.334564        0.942127
BFGS:   13 03:31:46     -438.385681        0.801718
BFGS:   14 03:31:47     -438.441376        0.771319
BFGS:   15 03:31:47     -438.422638        0.918666
BFGS:   16 03:31:48     -438.321198        0.820694
BFGS:   17 03:31:48     -438.188751        0.730672
BFGS:   18 03:31:49     -437.951996        0.928060
BFGS:   19 03:31:49     -437.733337        0.885656
BFGS:   20 03:31:50     -437.601624        0.805884
BFGS:   21 03:31:50     -437.574860        0.710533
BFGS:   22 03:31:51     -437.594116        0.579385
BFGS:   23 03:31:51     -437.577942        0.626585
BFGS:   24 03:31:52     -437.603271        0.420002
BFGS:   25 03:31:52     -437.544922        0.367084
BFGS:   26 03:31:53     -437.573822        0.326968
BFGS:   27 03:31:53     -437.567017        0.288137
BFGS:   28 03:31:54     -437.544098        0.252880
BFGS:   29 03:31:54     -437.532043        0.231461
BFGS:   30 03:31:55     -437.519409        0.263190
BFGS:   31 03:31:57     -437.517242        0.240892
BFGS:   32 03:31:59     -437.515259        0.205593
BFGS:   33 03:32:02     -437.514465        0.195821
      Step     Time          Energy          fmax
BFGS:    0 11:13:31     -458.143463        5.228226
BFGS:    1 11:13:32     -458.309235        3.542298
BFGS:    2 11:13:32     -458.313080        2.290047
BFGS:    3 11:13:33     -458.314667        1.464739
BFGS:    4 11:13:34     -458.317993        1.573996
BFGS:    5 11:13:35     -458.318848        1.032646
BFGS:    6 11:13:35     -458.321014        0.851729
BFGS:    7 11:13:36     -458.321716        0.662615
BFGS:    8 11:13:37     -458.322937        0.602869
BFGS:    9 11:13:38     -458.323517        0.599611
BFGS:   10 11:13:39     -458.324646        0.591699
BFGS:   11 11:13:39     -458.325775        0.355060
BFGS:   12 11:13:40     -458.327057        0.268119
BFGS:   13 11:13:41     -458.328552        0.219054
BFGS:   14 11:13:43     -458.329987        0.256588
BFGS:   15 11:13:44     -458.332062        0.380159
BFGS:   16 11:13:45     -458.333496        0.211045
BFGS:   17 11:13:45     -458.335632        0.179508
BFGS:   18 11:13:46     -458.337311        0.306623
BFGS:   19 11:13:47     -458.339935        0.321330
BFGS:   20 11:13:47     -458.341980        0.227870
BFGS:   21 11:13:48     -458.344238        0.187799
BFGS:   22 11:13:49     -458.345795        0.191457
BFGS:   23 11:13:49     -458.347351        0.228092
BFGS:   24 11:13:50     -458.348755        0.188549
BFGS:   25 11:13:51     -458.350037        0.137961
BFGS:   26 11:13:52     -458.350891        0.164310
BFGS:   27 11:13:53     -458.351562        0.156057
BFGS:   28 11:13:53     -458.352112        0.112061
BFGS:   29 11:13:54     -458.352753        0.095259
BFGS:   30 11:13:55     -458.353210        0.147882
BFGS:   31 11:13:55     -458.353851        0.150255
BFGS:   32 11:13:56     -458.354126        0.126631
BFGS:   33 11:13:57     -458.354370        0.100170
BFGS:   34 11:13:58     -458.354462        0.117350
BFGS:   35 11:13:58     -458.354797        0.087508
BFGS:   36 11:13:59     -458.354858        0.104070
BFGS:   37 11:14:00     -458.354706        0.090127
BFGS:   38 11:14:00     -458.353973        0.095743
BFGS:   39 11:14:01     -458.353729        0.096293
BFGS:   40 11:14:02     -458.352631        0.194396
BFGS:   41 11:14:03     -458.351532        0.314012
BFGS:   42 11:14:04     -458.349213        0.461296
BFGS:   43 11:14:04     -458.347992        0.405830
BFGS:   44 11:14:05     -458.348541        0.186597
BFGS:   45 11:14:06     -458.350281        0.172722
BFGS:   46 11:14:06     -458.351379        0.130068
BFGS:   47 11:14:07     -458.351135        0.106077
BFGS:   48 11:14:08     -458.349915        0.327440
BFGS:   49 11:14:09     -458.349060        0.519252
BFGS:   50 11:14:09     -458.348450        0.900672
BFGS:   51 11:14:10     -458.348633        0.788765
BFGS:   52 11:14:11     -458.347321        0.410384
BFGS:   53 11:14:11     -458.348694        0.829246
BFGS:   54 11:14:12     -458.350006        0.507544
BFGS:   55 11:14:13     -458.350739        0.151954
BFGS:   56 11:14:13     -458.350494        0.187534
BFGS:   57 11:14:14     -458.349945        0.667317
BFGS:   58 11:14:15     -458.350128        0.729702
BFGS:   59 11:14:15     -458.350769        0.907347
BFGS:   60 11:14:16     -458.350739        0.147466
BFGS:   61 11:14:17     -458.351135        0.419266
BFGS:   62 11:14:17     -458.350098        1.014850
BFGS:   63 11:14:18     -458.348480        0.975221
BFGS:   64 11:14:19     -458.351318        0.864481
BFGS:   65 11:14:20     -458.352020        0.738115
BFGS:   66 11:14:20     -458.353607        0.178453
BFGS:   67 11:14:21     -458.353485        0.282084
BFGS:   68 11:14:22     -458.353516        0.365185
BFGS:   69 11:14:23     -458.352997        0.316232
BFGS:   70 11:14:23     -458.351837        0.168530
BFGS:   71 11:14:24     -458.347565        0.821356
BFGS:   72 11:14:25     -458.335907        3.473019
BFGS:   73 11:14:25     -458.347076        0.902870
BFGS:   74 11:14:26     -458.346954        0.963374
BFGS:   75 11:14:27     -458.346863        3.041330
BFGS:   76 11:14:27     -458.349365        2.299072
BFGS:   77 11:14:28     -458.359375        3.340323
BFGS:   78 11:14:29     -458.362244        1.595306
BFGS:   79 11:14:30     -458.359467        1.495359
BFGS:   80 11:14:30     -458.353607        0.621896
BFGS:   81 11:14:31     -458.354675        0.306309
BFGS:   82 11:14:32     -458.353851        0.193931
BFGS:   83 11:14:32     -458.352814        0.215037
BFGS:   84 11:14:33     -458.352997        0.232191
BFGS:   85 11:14:34     -458.353424        0.172339
BFGS:   86 11:14:35     -458.353607        0.110450
BFGS:   87 11:14:35     -458.353790        0.112118
BFGS:   88 11:14:36     -458.354095        0.163046
BFGS:   89 11:14:37     -458.354584        0.152578
BFGS:   90 11:14:37     -458.355377        0.121559
BFGS:   91 11:14:38     -458.356079        0.091712
BFGS:   92 11:14:39     -458.356506        0.079201
BFGS:   93 11:14:40     -458.356812        0.071052
BFGS:   94 11:14:40     -458.357391        0.076442
BFGS:   95 11:14:41     -458.359283        0.106486
BFGS:   96 11:14:42     -458.362030        0.159105
BFGS:   97 11:14:43     -458.364014        0.338999
BFGS:   98 11:14:44     -458.365417        0.358337
BFGS:   99 11:14:45     -458.364563        0.172123
BFGS:  100 11:14:45     -458.359741        0.459750
BFGS:  101 11:14:46     -458.359344        0.286443
BFGS:  102 11:14:47     -458.363403        0.170646
BFGS:  103 11:14:47     -458.365814        0.436948
BFGS:  104 11:14:48     -458.364716        1.171149
BFGS:  105 11:14:49     -458.361389        1.778446
BFGS:  106 11:14:50     -458.358429        2.169715
BFGS:  107 11:14:50     -458.355804        2.274135
BFGS:  108 11:14:51     -458.363373        2.081780
BFGS:  109 11:14:52     -458.370911        1.719789
BFGS:  110 11:14:52     -458.349518        1.192479
BFGS:  111 11:14:53     -458.357819        1.381841
BFGS:  112 11:14:54     -458.366821        1.666754
BFGS:  113 11:14:55     -458.371887        1.511458
BFGS:  114 11:14:55     -458.375824        0.415122
BFGS:  115 11:14:56     -458.377594        0.188587
BFGS:  116 11:14:57     -458.378784        0.278036
BFGS:  117 11:14:57     -458.378387        0.321140
BFGS:  118 11:14:58     -458.372101        0.828695
BFGS:  119 11:14:59     -458.368408        1.022275
BFGS:  120 11:15:00     -458.371826        1.336448
BFGS:  121 11:15:00     -458.380615        1.327937
BFGS:  122 11:15:01     -458.371857        0.777976
BFGS:  123 11:15:02     -458.329681        1.475944
BFGS:  124 11:15:02     -458.277466        2.120991
BFGS:  125 11:15:03     -458.237122        2.498307
BFGS:  126 11:15:04     -458.181824        2.868508
BFGS:  127 11:15:04     -458.145416        3.038234
BFGS:  128 11:15:05     -458.186707        2.726634
BFGS:  129 11:15:06     -458.215820        2.475064
BFGS:  130 11:15:06     -458.157623        1.973453
BFGS:  131 11:15:07     -458.013733        1.822554
BFGS:  132 11:15:08     -457.962585        1.359524
BFGS:  133 11:15:09     -457.947998        0.993658
BFGS:  134 11:15:10     -457.971985        1.012939
BFGS:  135 11:15:10     -458.048584        1.060797
BFGS:  136 11:15:11     -458.165894        1.285050
BFGS:  137 11:15:12     -458.357361        2.162009
BFGS:  138 11:15:13     -458.387573        2.464250
BFGS:  139 11:15:13     -458.379883        1.769718
BFGS:  140 11:15:14     -458.388885        1.070642
BFGS:  141 11:15:15     -458.398071        0.681442
BFGS:  142 11:15:15     -458.397430        0.737345
BFGS:  143 11:15:16     -458.399902        0.664584
BFGS:  144 11:15:17     -458.400421        1.009011
BFGS:  145 11:15:17     -458.399567        1.042029
BFGS:  146 11:15:18     -458.394470        0.441483
BFGS:  147 11:15:19     -458.397766        0.396652
BFGS:  148 11:15:19     -458.401398        0.277923
BFGS:  149 11:15:20     -458.401917        0.306979
BFGS:  150 11:15:21     -458.398560        0.583021
BFGS:  151 11:15:21     -458.396393        0.738736
BFGS:  152 11:15:22     -458.396088        0.831605
BFGS:  153 11:15:23     -458.398499        0.466091
BFGS:  154 11:15:23     -458.399017        0.348863
BFGS:  155 11:15:24     -458.399017        0.833429
BFGS:  156 11:15:25     -458.401611        0.585604
BFGS:  157 11:15:26     -458.399475        0.374131
BFGS:  158 11:15:26     -458.401917        0.367342
BFGS:  159 11:15:27     -458.401672        0.370963
BFGS:  160 11:15:28     -458.397034        0.566848
BFGS:  161 11:15:28     -458.401398        0.549604
BFGS:  162 11:15:29     -458.402222        0.403115
BFGS:  163 11:15:30     -458.402588        0.334047
BFGS:  164 11:15:30     -458.400665        0.274350
BFGS:  165 11:15:31     -458.403412        0.182247
BFGS:  166 11:15:32     -458.403778        0.147817
BFGS:  167 11:15:32     -458.405243        0.197594
BFGS:  168 11:15:33     -458.405243        0.194542
BFGS:  169 11:15:34     -458.404663        0.156704
BFGS:  170 11:15:35     -458.404572        0.128517
BFGS:  171 11:15:35     -458.404694        0.176145
BFGS:  172 11:15:36     -458.404999        0.157480
BFGS:  173 11:15:37     -458.405334        0.128561
BFGS:  174 11:15:37     -458.405365        0.090508
BFGS:  175 11:15:38     -458.405487        0.069593
BFGS:  176 11:15:39     -458.405609        0.084189
BFGS:  177 11:15:39     -458.405365        0.106638
BFGS:  178 11:15:40     -458.404816        0.108710
BFGS:  179 11:15:41     -458.404663        0.114193
BFGS:  180 11:15:42     -458.404449        0.133855
BFGS:  181 11:15:42     -458.404266        0.143385
BFGS:  182 11:15:43     -458.404053        0.147640
BFGS:  183 11:15:44     -458.403870        0.156060
BFGS:  184 11:15:45     -458.403534        0.111306
BFGS:  185 11:15:46     -458.403076        0.115244
BFGS:  186 11:15:47     -458.402527        0.106611
BFGS:  187 11:15:48     -458.401978        0.128024
BFGS:  188 11:15:49     -458.401184        0.137586
BFGS:  189 11:15:49     -458.400513        0.100460
BFGS:  190 11:15:50     -458.400177        0.080430
BFGS:  191 11:15:51     -458.400085        0.086616
BFGS:  192 11:15:51     -458.399902        0.111804
BFGS:  193 11:15:52     -458.399841        0.128068
BFGS:  194 11:15:53     -458.399567        0.126844
BFGS:  195 11:15:53     -458.399780        0.094566
BFGS:  196 11:15:54     -458.399628        0.090978
BFGS:  197 11:15:55     -458.399994        0.087931
BFGS:  198 11:15:55     -458.400024        0.053335
BFGS:  199 11:15:56     -458.400146        0.082630
BFGS:  200 11:15:57     -458.400116        0.078075
BFGS:  201 11:15:58     -458.400085        0.069916
BFGS:  202 11:15:58     -458.400116        0.070801
BFGS:  203 11:15:59     -458.400116        0.112643
BFGS:  204 11:16:00     -458.400238        0.093073
BFGS:  205 11:16:00     -458.400452        0.051701
BFGS:  206 11:16:02     -458.400574        0.048976
