      Step     Time          Energy          fmax
BFGS:    0 03:52:46     -430.075958        3.713176
BFGS:    1 03:52:46     -430.742401        3.245139
BFGS:    2 03:52:47     -431.235016        2.507183
BFGS:    3 03:52:47     -431.584869        2.543517
BFGS:    4 03:52:48     -431.943359        2.389859
BFGS:    5 03:52:48     -432.161621        2.252168
BFGS:    6 03:52:49     -432.352081        1.774712
BFGS:    7 03:52:49     -432.542847        0.900727
BFGS:    8 03:52:50     -432.707520        0.988777
BFGS:    9 03:52:50     -432.855530        1.202311
BFGS:   10 03:52:51     -432.987549        1.313366
BFGS:   11 03:52:51     -433.095581        1.310883
BFGS:   12 03:52:51     -433.143433        1.260619
BFGS:   13 03:52:52     -433.039734        1.527257
BFGS:   14 03:52:52     -432.731720        1.612386
BFGS:   15 03:52:53     -432.344849        1.448185
BFGS:   16 03:52:53     -431.997467        1.307785
BFGS:   17 03:52:54     -431.840607        1.196577
BFGS:   18 03:52:54     -431.790863        1.173396
BFGS:   19 03:52:55     -431.768677        1.304095
BFGS:   20 03:52:55     -431.826813        1.581601
BFGS:   21 03:52:56     -431.713470        1.202447
BFGS:   22 03:52:56     -431.757202        1.526440
BFGS:   23 03:52:57     -431.711700        1.379338
BFGS:   24 03:52:57     -431.511353        0.511994
BFGS:   25 03:52:58     -431.544861        0.654434
BFGS:   26 03:52:58     -431.530701        0.639630
BFGS:   27 03:52:59     -431.495239        0.335898
BFGS:   28 03:52:59     -431.475098        0.350055
BFGS:   29 03:53:00     -431.447571        0.838119
BFGS:   30 03:53:00     -431.289215        1.336098
BFGS:   31 03:53:01     -430.772339        4.219901
BFGS:   32 03:53:01     -430.997681        2.276557
BFGS:   33 03:53:01     -430.892914        1.900472
BFGS:   34 03:53:02     -430.791504        1.817669
BFGS:   35 03:53:02     -430.482208        2.482021
BFGS:   36 03:53:03     -430.705292        2.461001
BFGS:   37 03:53:03     -431.295410        2.403440
BFGS:   38 03:53:04     -432.245789        2.579143
BFGS:   39 03:53:04     -432.495453        1.954233
BFGS:   40 03:53:05     -431.800385        3.223139
BFGS:   41 03:53:05     -431.225403        3.204783
BFGS:   42 03:53:06     -431.491516        1.446325
BFGS:   43 03:53:06     -431.429047        1.569206
BFGS:   44 03:53:06     -431.556641        0.923810
BFGS:   45 03:53:07     -431.597229        0.880732
BFGS:   46 03:53:07     -431.664062        0.967784
BFGS:   47 03:53:08     -431.644257        0.961028
BFGS:   48 03:53:08     -431.695740        1.099151
BFGS:   49 03:53:09     -431.705322        1.305257
BFGS:   50 03:53:09     -431.653412        1.146636
BFGS:   51 03:53:09     -431.579956        0.821950
BFGS:   52 03:53:10     -431.552246        0.766069
BFGS:   53 03:53:10     -431.524353        0.657828
BFGS:   54 03:53:11     -431.512512        0.522153
BFGS:   55 03:53:11     -431.502350        0.391116
BFGS:   56 03:53:11     -431.493500        0.296365
BFGS:   57 03:53:12     -431.487030        0.242295
BFGS:   58 03:53:12     -431.484802        0.254661
BFGS:   59 03:53:13     -431.487366        0.291404
BFGS:   60 03:53:13     -431.493683        0.319952
BFGS:   61 03:53:14     -431.501678        0.325733
BFGS:   62 03:53:14     -431.508606        0.301513
BFGS:   63 03:53:14     -431.512421        0.269017
BFGS:   64 03:53:15     -431.508026        0.243551
BFGS:   65 03:53:15     -431.496521        0.235520
BFGS:   66 03:53:16     -431.485504        0.221540
BFGS:   67 03:53:16     -431.477692        0.169608
      Step     Time          Energy          fmax
BFGS:    0 11:56:01     -454.036346        3.046461
BFGS:    1 11:56:03     -454.170746        0.964312
BFGS:    2 11:56:04     -454.219086        0.927005
BFGS:    3 11:56:05     -454.283295        0.594718
BFGS:    4 11:56:05     -454.311279        0.586162
BFGS:    5 11:56:06     -454.348236        0.436179
BFGS:    6 11:56:07     -454.368317        0.254100
BFGS:    7 11:56:07     -454.380402        0.218097
BFGS:    8 11:56:08     -454.386566        0.216664
BFGS:    9 11:56:09     -454.390961        0.163019
BFGS:   10 11:56:10     -454.393616        0.115518
BFGS:   11 11:56:11     -454.394989        0.071860
BFGS:   12 11:56:11     -454.395782        0.078224
BFGS:   13 11:56:12     -454.396606        0.076613
BFGS:   14 11:56:13     -454.397430        0.047830
      Step     Time          Energy          fmax
BFGS:    0 18:22:54     -455.167847        0.035517
      Step     Time          Energy          fmax
BFGS:    0 23:48:24     -455.143951        0.034609
      Step     Time          Energy          fmax
BFGS:    0 19:04:50     -454.981018        0.041548
      Step     Time          Energy          fmax
BFGS:    0 08:28:41     -454.750763        0.037077
      Step     Time          Energy          fmax
BFGS:    0 09:44:04     -454.750763        0.037077
      Step     Time          Energy          fmax
BFGS:    0 10:59:46     -454.750763        0.037077
      Step     Time          Energy          fmax
BFGS:    0 12:15:02     -454.750763        0.037077
      Step     Time          Energy          fmax
BFGS:    0 13:30:54     -454.750763        0.037077
      Step     Time          Energy          fmax
BFGS:    0 16:18:48     -454.750763        0.037077
      Step     Time          Energy          fmax
BFGS:    0 17:33:25     -454.750763        0.037077
      Step     Time          Energy          fmax
BFGS:    0 19:11:53     -454.750763        0.037077
      Step     Time          Energy          fmax
BFGS:    0 00:15:46     -453.792114        2.945692
BFGS:    1 00:15:47     -453.921326        1.820765
BFGS:    2 00:15:48     -453.988312        1.293604
BFGS:    3 00:15:49     -454.007629        0.945036
BFGS:    4 00:15:50     -454.021637        0.638887
BFGS:    5 00:15:51     -454.032135        0.626091
BFGS:    6 00:15:52     -454.034790        0.498265
BFGS:    7 00:15:52     -454.036591        0.381711
BFGS:    8 00:15:53     -454.039642        0.266527
BFGS:    9 00:15:54     -454.041840        0.244404
BFGS:   10 00:15:54     -454.043457        0.182669
BFGS:   11 00:15:55     -454.045197        0.168393
BFGS:   12 00:15:56     -454.047272        0.171188
BFGS:   13 00:15:56     -454.050171        0.161758
BFGS:   14 00:15:57     -454.053558        0.169999
BFGS:   15 00:15:58     -454.057648        0.188411
BFGS:   16 00:15:59     -454.062347        0.284063
BFGS:   17 00:16:00     -454.067780        0.443943
BFGS:   18 00:16:01     -454.072845        0.622616
BFGS:   19 00:16:02     -454.073090        0.692879
BFGS:   20 00:16:03     -454.068176        0.577368
BFGS:   21 00:16:03     -454.066406        0.317743
BFGS:   22 00:16:04     -454.070221        0.245617
BFGS:   23 00:16:05     -454.071747        0.215954
BFGS:   24 00:16:05     -454.072479        0.137037
BFGS:   25 00:16:06     -454.073364        0.113776
BFGS:   26 00:16:07     -454.074341        0.117071
BFGS:   27 00:16:07     -454.075378        0.117153
BFGS:   28 00:16:10     -454.076477        0.103214
BFGS:   29 00:16:11     -454.077545        0.095374
BFGS:   30 00:16:11     -454.078430        0.108732
BFGS:   31 00:16:12     -454.078827        0.106571
BFGS:   32 00:16:13     -454.078705        0.103633
BFGS:   33 00:16:13     -454.078339        0.127052
BFGS:   34 00:16:14     -454.078339        0.126191
BFGS:   35 00:16:15     -454.078827        0.180347
BFGS:   36 00:16:15     -454.079498        0.195401
BFGS:   37 00:16:16     -454.079376        0.085441
BFGS:   38 00:16:17     -454.079987        0.078708
BFGS:   39 00:16:17     -454.080109        0.078786
BFGS:   40 00:16:18     -454.080231        0.064884
BFGS:   41 00:16:19     -454.080353        0.058455
BFGS:   42 00:16:20     -454.080475        0.078309
BFGS:   43 00:16:21     -454.080872        0.075488
BFGS:   44 00:16:22     -454.081024        0.150494
BFGS:   45 00:16:23     -454.080383        0.123694
BFGS:   46 00:16:23     -454.080627        0.071836
BFGS:   47 00:16:24     -454.079468        0.122115
BFGS:   48 00:16:25     -454.080933        0.052284
BFGS:   49 00:16:26     -454.081207        0.039876
      Step     Time          Energy          fmax
BFGS:    0 13:37:09     -453.792114        2.945792
BFGS:    1 13:37:13     -453.921356        1.820465
BFGS:    2 13:37:18     -453.988342        1.293057
BFGS:    3 13:37:19     -454.007690        0.944574
BFGS:    4 13:37:21     -454.021667        0.638496
BFGS:    5 13:37:27     -454.032166        0.625994
BFGS:    6 13:37:27     -454.034821        0.497995
BFGS:    7 13:37:30     -454.036621        0.381576
BFGS:    8 13:37:32     -454.039673        0.266593
BFGS:    9 13:37:35     -454.041870        0.244368
BFGS:   10 13:37:36     -454.043488        0.182656
BFGS:   11 13:37:37     -454.045227        0.168352
BFGS:   12 13:37:38     -454.047302        0.171137
BFGS:   13 13:37:39     -454.050201        0.161651
BFGS:   14 13:37:43     -454.053589        0.169785
BFGS:   15 13:37:46     -454.057648        0.188295
BFGS:   16 13:37:50     -454.062347        0.283838
BFGS:   17 13:37:51     -454.067810        0.443727
BFGS:   18 13:37:52     -454.072845        0.622382
BFGS:   19 13:37:55     -454.073120        0.692778
BFGS:   20 13:37:57     -454.068207        0.577343
BFGS:   21 13:38:03     -454.066406        0.318028
BFGS:   22 13:38:06     -454.070251        0.245802
BFGS:   23 13:38:10     -454.071747        0.216200
BFGS:   24 13:38:11     -454.072510        0.137153
BFGS:   25 13:38:12     -454.073364        0.113871
BFGS:   26 13:38:15     -454.074341        0.117018
BFGS:   27 13:38:16     -454.075348        0.117080
BFGS:   28 13:38:18     -454.076447        0.103155
BFGS:   29 13:38:22     -454.077545        0.095228
BFGS:   30 13:38:23     -454.078430        0.108553
BFGS:   31 13:38:24     -454.078827        0.106423
BFGS:   32 13:38:25     -454.078705        0.103689
BFGS:   33 13:38:27     -454.078339        0.127230
BFGS:   34 13:38:28     -454.078308        0.126559
BFGS:   35 13:38:30     -454.078827        0.180494
BFGS:   36 13:38:31     -454.079498        0.195444
BFGS:   37 13:38:37     -454.079376        0.087706
BFGS:   38 13:38:39     -454.079987        0.079454
BFGS:   39 13:38:41     -454.080109        0.078873
BFGS:   40 13:38:43     -454.080231        0.065020
BFGS:   41 13:38:45     -454.080383        0.057765
BFGS:   42 13:38:46     -454.080475        0.088137
BFGS:   43 13:38:47     -454.080872        0.076789
BFGS:   44 13:38:49     -454.081116        0.090838
BFGS:   45 13:38:51     -454.080658        0.098081
BFGS:   46 13:38:53     -454.080963        0.057769
BFGS:   47 13:38:55     -454.081116        0.041499
      Step     Time          Energy          fmax
BFGS:    0 19:23:25     -453.795868        2.853091
BFGS:    1 19:23:29     -453.915497        1.770402
BFGS:    2 19:23:32     -453.976898        1.282555
BFGS:    3 19:23:34     -453.993378        0.957646
BFGS:    4 19:23:36     -454.007019        0.630835
BFGS:    5 19:23:41     -454.018280        0.638618
BFGS:    6 19:23:46     -454.021362        0.487504
BFGS:    7 19:23:48     -454.023315        0.376248
BFGS:    8 19:23:50     -454.026489        0.258538
BFGS:    9 19:23:51     -454.028809        0.239679
BFGS:   10 19:23:54     -454.030609        0.181658
BFGS:   11 19:23:58     -454.032440        0.163316
BFGS:   12 19:24:05     -454.034546        0.165821
BFGS:   13 19:24:08     -454.037445        0.154448
BFGS:   14 19:24:17     -454.040894        0.169615
BFGS:   15 19:24:20     -454.045013        0.195601
BFGS:   16 19:24:24     -454.049713        0.293176
BFGS:   17 19:24:25     -454.055054        0.452063
BFGS:   18 19:24:28     -454.059509        0.620605
BFGS:   19 19:24:30     -454.058929        0.673591
BFGS:   20 19:24:32     -454.053986        0.546927
BFGS:   21 19:24:33     -454.053192        0.297015
BFGS:   22 19:24:38     -454.056763        0.221614
BFGS:   23 19:24:41     -454.058105        0.199978
BFGS:   24 19:24:43     -454.058777        0.130465
BFGS:   25 19:24:45     -454.059509        0.103704
BFGS:   26 19:24:46     -454.060394        0.109003
BFGS:   27 19:24:48     -454.061279        0.115312
BFGS:   28 19:24:50     -454.062256        0.096216
BFGS:   29 19:24:54     -454.063171        0.089941
BFGS:   30 19:24:59     -454.063873        0.099504
BFGS:   31 19:25:03     -454.064209        0.093984
BFGS:   32 19:25:06     -454.064026        0.098613
BFGS:   33 19:25:08     -454.063568        0.121482
BFGS:   34 19:25:11     -454.063538        0.120893
BFGS:   35 19:25:14     -454.064484        0.153529
BFGS:   36 19:25:15     -454.065186        0.186344
BFGS:   37 19:25:19     -454.063843        0.112660
BFGS:   38 19:25:22     -454.065582        0.100669
BFGS:   39 19:25:24     -454.065765        0.087721
BFGS:   40 19:25:26     -454.066162        0.046675
