      Step     Time          Energy          fmax
BFGS:    0 03:24:38     -433.132721        3.390912
BFGS:    1 03:24:39     -433.523743        2.663178
BFGS:    2 03:24:39     -433.917542        1.987496
BFGS:    3 03:24:40     -434.093994        1.659912
BFGS:    4 03:24:40     -434.421692        1.397969
BFGS:    5 03:24:40     -434.588135        1.239963
BFGS:    6 03:24:41     -434.961029        1.358621
BFGS:    7 03:24:41     -435.267609        1.366627
BFGS:    8 03:24:42     -435.530518        1.251182
BFGS:    9 03:24:42     -435.616211        1.558822
BFGS:   10 03:24:43     -435.643860        1.419711
BFGS:   11 03:24:43     -435.602539        1.201622
BFGS:   12 03:24:43     -435.403290        1.905538
BFGS:   13 03:24:44     -435.052765        2.060658
BFGS:   14 03:24:44     -434.604248        1.669496
BFGS:   15 03:24:45     -434.440765        1.520248
BFGS:   16 03:24:45     -434.272644        0.940848
BFGS:   17 03:24:45     -434.269501        0.827021
BFGS:   18 03:24:46     -434.208282        0.555579
BFGS:   19 03:24:46     -434.253174        0.482080
BFGS:   20 03:24:47     -434.247894        0.410048
BFGS:   21 03:24:47     -434.249390        0.397325
BFGS:   22 03:24:47     -434.237274        0.414989
BFGS:   23 03:24:48     -434.238800        0.290034
BFGS:   24 03:24:48     -434.228455        0.281469
BFGS:   25 03:24:49     -434.219757        0.359582
BFGS:   26 03:24:49     -434.210449        0.381813
BFGS:   27 03:24:50     -434.204590        0.372387
BFGS:   28 03:24:50     -434.199677        0.421629
BFGS:   29 03:24:50     -434.203827        0.503469
BFGS:   30 03:24:51     -434.247589        0.604194
BFGS:   31 03:24:51     -434.411957        1.235420
BFGS:   32 03:24:52     -434.814026        1.516552
BFGS:   33 03:24:52     -435.037506        0.905702
BFGS:   34 03:24:53     -434.607666        1.682655
BFGS:   35 03:24:53     -434.165894        0.862951
BFGS:   36 03:24:53     -434.347931        0.503319
BFGS:   37 03:24:54     -434.386749        0.562001
BFGS:   38 03:24:54     -434.333801        0.387209
BFGS:   39 03:24:55     -434.310364        0.333609
BFGS:   40 03:24:55     -434.290131        0.261695
BFGS:   41 03:24:56     -434.276855        0.242490
BFGS:   42 03:24:56     -434.265289        0.261998
BFGS:   43 03:24:56     -434.257019        0.280551
BFGS:   44 03:24:57     -434.253754        0.359026
BFGS:   45 03:24:57     -434.255249        0.409167
BFGS:   46 03:24:57     -434.256500        0.444831
BFGS:   47 03:24:58     -434.255890        0.389555
BFGS:   48 03:24:58     -434.258331        0.333636
BFGS:   49 03:24:59     -434.261566        0.405448
BFGS:   50 03:24:59     -434.259521        0.419163
BFGS:   51 03:24:59     -434.254913        0.329785
BFGS:   52 03:25:00     -434.249115        0.318051
BFGS:   53 03:25:00     -434.252533        0.533020
BFGS:   54 03:25:01     -434.262299        0.287329
BFGS:   55 03:25:01     -434.267426        0.195821
      Step     Time          Energy          fmax
BFGS:    0 11:08:33     -458.630127        0.039256
