      Step     Time          Energy          fmax
BFGS:    0 02:55:03     -430.501678        3.233317
BFGS:    1 02:55:04     -431.032593        2.941024
BFGS:    2 02:55:05     -431.439697        2.535473
BFGS:    3 02:55:05     -431.706909        2.203914
BFGS:    4 02:55:06     -432.020630        1.471702
BFGS:    5 02:55:06     -432.162323        1.205790
BFGS:    6 02:55:07     -432.271149        1.262624
BFGS:    7 02:55:07     -432.362030        1.081798
BFGS:    8 02:55:08     -432.473267        1.246591
BFGS:    9 02:55:08     -432.581787        1.307182
BFGS:   10 02:55:09     -432.697144        1.306456
BFGS:   11 02:55:09     -432.678864        1.405493
BFGS:   12 02:55:09     -432.620728        1.609338
BFGS:   13 02:55:10     -432.516327        1.115982
BFGS:   14 02:55:10     -432.316620        1.209711
BFGS:   15 02:55:11     -432.025635        0.971609
BFGS:   16 02:55:11     -431.917267        0.846415
BFGS:   17 02:55:12     -431.775665        0.586344
BFGS:   18 02:55:12     -431.751038        0.476803
BFGS:   19 02:55:12     -431.701813        0.590153
BFGS:   20 02:55:13     -431.731506        0.475243
BFGS:   21 02:55:13     -431.725647        0.754654
BFGS:   22 02:55:14     -431.781036        0.595642
BFGS:   23 02:55:14     -431.791992        0.567064
BFGS:   24 02:55:15     -431.773987        0.530407
BFGS:   25 02:55:15     -431.761353        0.511246
BFGS:   26 02:55:16     -431.713562        0.364527
BFGS:   27 02:55:16     -431.707581        0.438771
BFGS:   28 02:55:16     -431.656616        0.409749
BFGS:   29 02:55:17     -431.667725        0.347058
BFGS:   30 02:55:17     -431.653198        0.324942
BFGS:   31 02:55:18     -431.658783        0.294664
BFGS:   32 02:55:18     -431.667267        0.228724
BFGS:   33 02:55:19     -431.672852        0.210760
BFGS:   34 02:55:19     -431.684998        0.217768
BFGS:   35 02:55:20     -431.691956        0.195102
      Step     Time          Energy          fmax
BFGS:    0 09:58:19     -458.197205        0.042417
