      Step     Time          Energy          fmax
BFGS:    0 20:42:41     -423.359464       15.866401
BFGS:    1 20:46:35     -427.005434        3.992277
BFGS:    2 20:50:04     -427.424779        2.414491
BFGS:    3 20:53:44     -427.651013        0.985392
BFGS:    4 20:56:44     -427.708313        0.516940
BFGS:    5 20:59:52     -427.753385        0.454395
BFGS:    6 21:02:51     -427.789128        0.395416
BFGS:    7 21:05:28     -427.820500        0.248452
BFGS:    8 21:07:34     -427.836510        0.179461
BFGS:    9 21:09:36     -427.845556        0.144350
BFGS:   10 21:11:50     -427.855426        0.167441
BFGS:   11 21:14:10     -427.862098        0.182168
BFGS:   12 21:17:00     -427.870023        0.131515
BFGS:   13 21:19:37     -427.873338        0.106408
BFGS:   14 21:21:43     -427.875979        0.082664
BFGS:   15 21:23:18     -427.878186        0.078323
BFGS:   16 21:25:17     -427.879939        0.064242
BFGS:   17 21:27:35     -427.881500        0.145701
BFGS:   18 21:29:09     -427.882928        0.115051
BFGS:   19 21:31:05     -427.884363        0.071900
BFGS:   20 21:33:12     -427.885244        0.039316
